---
source: src/tests/snapshot_tests.rs
expression: content
---
// This file was code-generated using an experimental CDDL to rust tool:
// https://github.com/dcSpark/cddl-codegen

#![allow(clippy::too_many_arguments)]

pub mod error;
mod extern_interface_check;
pub mod serialization;

use crate::generated::error::*;
use std::collections::BTreeMap;

#[derive(Clone, Debug)]
pub struct Holder {
    pub payload: TaggedTable,
}

impl Holder {
    pub fn new(payload: TaggedTable) -> Self {
        Self { payload }
    }
}

pub type TaggedTable = BTreeMap<String, u64>;
