---
source: src/tests/snapshot_tests.rs
expression: content
---
// This file was code-generated using an experimental CDDL to rust tool:
// https://github.com/dcSpark/cddl-codegen

use super::cbor_encodings::*;
use super::*;
use crate::generated::error::*;
use cbor_event::de::Deserializer;
use cbor_event::se::{Serialize, Serializer};
use std::io::{BufRead, Seek, SeekFrom, Write};

impl cbor_event::se::Serialize for Int {
    fn serialize<'se, W: Write>(
        &self,
        serializer: &'se mut Serializer<W>,
    ) -> cbor_event::Result<&'se mut Serializer<W>> {
        match self {
            Self::Uint { value, encoding } => {
                serializer.write_unsigned_integer_sz(*value, fit_sz(*value, *encoding))
            }
            Self::Nint { value, encoding } => serializer
                .write_negative_integer_sz(-((*value as i128) + 1), fit_sz(*value, *encoding)),
        }
    }
}

impl Deserialize for Int {
    fn deserialize<R: BufRead + Seek>(raw: &mut Deserializer<R>) -> Result<Self, DeserializeError> {
        (|| -> Result<_, DeserializeError> {
            match raw.cbor_type()? {
                cbor_event::Type::UnsignedInteger => raw
                    .unsigned_integer_sz()
                    .map(|(x, enc)| Self::Uint {
                        value: x,
                        encoding: Some(enc),
                    })
                    .map_err(std::convert::Into::into),
                cbor_event::Type::NegativeInteger => raw
                    .negative_integer_sz()
                    .map(|(x, enc)| Self::Nint {
                        value: (-1 - x) as u64,
                        encoding: Some(enc),
                    })
                    .map_err(std::convert::Into::into),
                _ => Err(DeserializeFailure::NoVariantMatched.into()),
            }
        })()
        .map_err(|e| e.annotate("Int"))
    }
}

impl cbor_event::se::Serialize for Prelude {
    fn serialize<'se, W: Write>(
        &self,
        serializer: &'se mut Serializer<W>,
    ) -> cbor_event::Result<&'se mut Serializer<W>> {
        serializer.write_array_sz(
            self.encodings
                .as_ref()
                .map(|encs| encs.len_encoding)
                .unwrap_or_default()
                .to_len_sz(16),
        )?;
        self.big_u.serialize(serializer)?;
        self.uri.serialize(serializer)?;
        self.big_i.serialize(serializer)?;
        self.unsigned.serialize(serializer)?;
        serializer.write_text_sz(
            &self.t,
            self.encodings
                .as_ref()
                .map(|encs| encs.t_encoding.clone())
                .unwrap_or_default()
                .to_str_len_sz(self.t.len() as u64),
        )?;
        serializer.write_bytes_sz(
            &self.b,
            self.encodings
                .as_ref()
                .map(|encs| encs.b_encoding.clone())
                .unwrap_or_default()
                .to_str_len_sz(self.b.len() as u64),
        )?;
        self.intg.serialize(serializer)?;
        self.big_n.serialize(serializer)?;
        self.date.serialize(serializer)?;
        self.b64u.serialize(serializer)?;
        self.b64l.serialize(serializer)?;
        self.re.serialize(serializer)?;
        self.mime.serialize(serializer)?;
        self.ec.serialize(serializer)?;
        self.df.serialize(serializer)?;
        self.bf.serialize(serializer)?;
        self.encodings
            .as_ref()
            .map(|encs| encs.len_encoding)
            .unwrap_or_default()
            .end(serializer)
    }
}

impl Deserialize for Prelude {
    fn deserialize<R: BufRead + Seek>(raw: &mut Deserializer<R>) -> Result<Self, DeserializeError> {
        (|| -> Result<_, DeserializeError> {
            let len = raw.array_sz()?;
            let len_encoding: LenEncoding = len.into();
            let mut read_len = CBORReadLen::new(len);
            read_len.read_elems(16)?;
            read_len.finish()?;
            let big_u = PreludeBiguint::deserialize(raw)
                .map_err(|e: DeserializeError| e.annotate("big_u"))?;
            let uri =
                PreludeUri::deserialize(raw).map_err(|e: DeserializeError| e.annotate("uri"))?;
            let big_i = PreludeBigint::deserialize(raw)
                .map_err(|e: DeserializeError| e.annotate("big_i"))?;
            let unsigned = PreludeUnsigned::deserialize(raw)
                .map_err(|e: DeserializeError| e.annotate("unsigned"))?;
            let (t, t_encoding) = raw
                .text_sz()
                .map_err(Into::<DeserializeError>::into)
                .map(|(s, enc)| (s, StringEncoding::from(enc)))
                .map_err(|e: DeserializeError| e.annotate("t"))?;
            let (b, b_encoding) = raw
                .bytes_sz()
                .map_err(Into::<DeserializeError>::into)
                .map(|(bytes, enc)| (bytes, StringEncoding::from(enc)))
                .map_err(|e: DeserializeError| e.annotate("b"))?;
            let intg = PreludeInteger::deserialize(raw)
                .map_err(|e: DeserializeError| e.annotate("intg"))?;
            let big_n = PreludeBignint::deserialize(raw)
                .map_err(|e: DeserializeError| e.annotate("big_n"))?;
            let date =
                PreludeTdate::deserialize(raw).map_err(|e: DeserializeError| e.annotate("date"))?;
            let b64u = PreludeB64url::deserialize(raw)
                .map_err(|e: DeserializeError| e.annotate("b64u"))?;
            let b64l = PreludeB64legacy::deserialize(raw)
                .map_err(|e: DeserializeError| e.annotate("b64l"))?;
            let re =
                PreludeRegexp::deserialize(raw).map_err(|e: DeserializeError| e.annotate("re"))?;
            let mime = PreludeMimeMessage::deserialize(raw)
                .map_err(|e: DeserializeError| e.annotate("mime"))?;
            let ec = PreludeEncodedCbor::deserialize(raw)
                .map_err(|e: DeserializeError| e.annotate("ec"))?;
            let df =
                PreludeDecfrac::deserialize(raw).map_err(|e: DeserializeError| e.annotate("df"))?;
            let bf = PreludeBigfloat::deserialize(raw)
                .map_err(|e: DeserializeError| e.annotate("bf"))?;
            match len {
                cbor_event::LenSz::Len(_, _) => (),
                cbor_event::LenSz::Indefinite => match raw.special()? {
                    cbor_event::Special::Break => (),
                    _ => return Err(DeserializeFailure::EndingBreakMissing.into()),
                },
            }
            Ok(Prelude {
                big_u,
                uri,
                big_i,
                unsigned,
                t,
                b,
                intg,
                big_n,
                date,
                b64u,
                b64l,
                re,
                mime,
                ec,
                df,
                bf,
                encodings: Some(PreludeEncoding {
                    len_encoding,
                    t_encoding,
                    b_encoding,
                }),
            })
        })()
        .map_err(|e| e.annotate("Prelude"))
    }
}

impl cbor_event::se::Serialize for PreludeB64legacy {
    fn serialize<'se, W: Write>(
        &self,
        serializer: &'se mut Serializer<W>,
    ) -> cbor_event::Result<&'se mut Serializer<W>> {
        serializer.write_tag_sz(
            34u64,
            fit_sz(
                34u64,
                self.encodings
                    .as_ref()
                    .map(|encs| encs.inner_tag_encoding)
                    .unwrap_or_default(),
            ),
        )?;
        serializer.write_text_sz(
            &self.inner,
            self.encodings
                .as_ref()
                .map(|encs| encs.inner_encoding.clone())
                .unwrap_or_default()
                .to_str_len_sz(self.inner.len() as u64),
        )
    }
}

impl Deserialize for PreludeB64legacy {
    fn deserialize<R: BufRead + Seek>(raw: &mut Deserializer<R>) -> Result<Self, DeserializeError> {
        let (inner, inner_tag_encoding, inner_encoding) = match raw.tag_sz()? {
            (34, tag_enc) => raw
                .text_sz()
                .map(|(s, enc)| (s, Some(tag_enc), StringEncoding::from(enc)))?,
            (tag, _enc) => {
                return Err(DeserializeFailure::TagMismatch {
                    found: tag,
                    expected: 34,
                }
                .into())
            }
        };
        Ok(Self {
            inner,
            encodings: Some(PreludeB64legacyEncoding {
                inner_tag_encoding,
                inner_encoding,
            }),
        })
    }
}

impl cbor_event::se::Serialize for PreludeB64url {
    fn serialize<'se, W: Write>(
        &self,
        serializer: &'se mut Serializer<W>,
    ) -> cbor_event::Result<&'se mut Serializer<W>> {
        serializer.write_tag_sz(
            33u64,
            fit_sz(
                33u64,
                self.encodings
                    .as_ref()
                    .map(|encs| encs.inner_tag_encoding)
                    .unwrap_or_default(),
            ),
        )?;
        serializer.write_text_sz(
            &self.inner,
            self.encodings
                .as_ref()
                .map(|encs| encs.inner_encoding.clone())
                .unwrap_or_default()
                .to_str_len_sz(self.inner.len() as u64),
        )
    }
}

impl Deserialize for PreludeB64url {
    fn deserialize<R: BufRead + Seek>(raw: &mut Deserializer<R>) -> Result<Self, DeserializeError> {
        let (inner, inner_tag_encoding, inner_encoding) = match raw.tag_sz()? {
            (33, tag_enc) => raw
                .text_sz()
                .map(|(s, enc)| (s, Some(tag_enc), StringEncoding::from(enc)))?,
            (tag, _enc) => {
                return Err(DeserializeFailure::TagMismatch {
                    found: tag,
                    expected: 33,
                }
                .into())
            }
        };
        Ok(Self {
            inner,
            encodings: Some(PreludeB64urlEncoding {
                inner_tag_encoding,
                inner_encoding,
            }),
        })
    }
}

impl cbor_event::se::Serialize for PreludeBigfloat {
    fn serialize<'se, W: Write>(
        &self,
        serializer: &'se mut Serializer<W>,
    ) -> cbor_event::Result<&'se mut Serializer<W>> {
        serializer.write_tag_sz(
            5u64,
            fit_sz(
                5u64,
                self.encodings
                    .as_ref()
                    .map(|encs| encs.tag_encoding)
                    .unwrap_or_default(),
            ),
        )?;
        serializer.write_array_sz(
            self.encodings
                .as_ref()
                .map(|encs| encs.len_encoding)
                .unwrap_or_default()
                .to_len_sz(2),
        )?;
        self.e2.serialize(serializer)?;
        self.m.serialize(serializer)?;
        self.encodings
            .as_ref()
            .map(|encs| encs.len_encoding)
            .unwrap_or_default()
            .end(serializer)
    }
}

impl Deserialize for PreludeBigfloat {
    fn deserialize<R: BufRead + Seek>(raw: &mut Deserializer<R>) -> Result<Self, DeserializeError> {
        (|| -> Result<_, DeserializeError> {
            let (tag, tag_encoding) = raw.tag_sz()?;
            if tag != 5 {
                return Err(DeserializeFailure::TagMismatch {
                    found: tag,
                    expected: 5,
                }
                .into());
            }
            let len = raw.array_sz()?;
            let len_encoding: LenEncoding = len.into();
            let mut read_len = CBORReadLen::new(len);
            read_len.read_elems(2)?;
            read_len.finish()?;
            let e2 = Int::deserialize(raw).map_err(|e: DeserializeError| e.annotate("e2"))?;
            let m =
                PreludeInteger::deserialize(raw).map_err(|e: DeserializeError| e.annotate("m"))?;
            match len {
                cbor_event::LenSz::Len(_, _) => (),
                cbor_event::LenSz::Indefinite => match raw.special()? {
                    cbor_event::Special::Break => (),
                    _ => return Err(DeserializeFailure::EndingBreakMissing.into()),
                },
            }
            Ok(PreludeBigfloat {
                e2,
                m,
                encodings: Some(PreludeBigfloatEncoding {
                    len_encoding,
                    tag_encoding: Some(tag_encoding),
                }),
            })
        })()
        .map_err(|e| e.annotate("PreludeBigfloat"))
    }
}

impl cbor_event::se::Serialize for PreludeBigint {
    fn serialize<'se, W: Write>(
        &self,
        serializer: &'se mut Serializer<W>,
    ) -> cbor_event::Result<&'se mut Serializer<W>> {
        match self {
            PreludeBigint::PreludeBiguint(prelude_biguint) => prelude_biguint.serialize(serializer),
            PreludeBigint::PreludeBignint(prelude_bignint) => prelude_bignint.serialize(serializer),
        }
    }
}

impl Deserialize for PreludeBigint {
    fn deserialize<R: BufRead + Seek>(raw: &mut Deserializer<R>) -> Result<Self, DeserializeError> {
        (|| -> Result<_, DeserializeError> {
            let initial_position = raw.as_mut_ref().stream_position().unwrap();
            let mut errs = Vec::new();
            let deser_variant: Result<_, DeserializeError> = PreludeBiguint::deserialize(raw);
            match deser_variant {
                Ok(prelude_biguint) => return Ok(Self::PreludeBiguint(prelude_biguint)),
                Err(e) => {
                    errs.push(e.annotate("PreludeBiguint"));
                    raw.as_mut_ref()
                        .seek(SeekFrom::Start(initial_position))
                        .unwrap();
                }
            };
            let deser_variant: Result<_, DeserializeError> = PreludeBignint::deserialize(raw);
            match deser_variant {
                Ok(prelude_bignint) => return Ok(Self::PreludeBignint(prelude_bignint)),
                Err(e) => {
                    errs.push(e.annotate("PreludeBignint"));
                    raw.as_mut_ref()
                        .seek(SeekFrom::Start(initial_position))
                        .unwrap();
                }
            };
            Err(DeserializeError::new(
                "PreludeBigint",
                DeserializeFailure::NoVariantMatchedWithCauses(errs),
            ))
        })()
        .map_err(|e| e.annotate("PreludeBigint"))
    }
}

impl cbor_event::se::Serialize for PreludeBignint {
    fn serialize<'se, W: Write>(
        &self,
        serializer: &'se mut Serializer<W>,
    ) -> cbor_event::Result<&'se mut Serializer<W>> {
        serializer.write_tag_sz(
            3u64,
            fit_sz(
                3u64,
                self.encodings
                    .as_ref()
                    .map(|encs| encs.inner_tag_encoding)
                    .unwrap_or_default(),
            ),
        )?;
        serializer.write_bytes_sz(
            &self.inner,
            self.encodings
                .as_ref()
                .map(|encs| encs.inner_encoding.clone())
                .unwrap_or_default()
                .to_str_len_sz(self.inner.len() as u64),
        )
    }
}

impl Deserialize for PreludeBignint {
    fn deserialize<R: BufRead + Seek>(raw: &mut Deserializer<R>) -> Result<Self, DeserializeError> {
        let (inner, inner_tag_encoding, inner_encoding) = match raw.tag_sz()? {
            (3, tag_enc) => raw
                .bytes_sz()
                .map(|(bytes, enc)| (bytes, Some(tag_enc), StringEncoding::from(enc)))?,
            (tag, _enc) => {
                return Err(DeserializeFailure::TagMismatch {
                    found: tag,
                    expected: 3,
                }
                .into())
            }
        };
        Ok(Self {
            inner,
            encodings: Some(PreludeBignintEncoding {
                inner_tag_encoding,
                inner_encoding,
            }),
        })
    }
}

impl cbor_event::se::Serialize for PreludeBiguint {
    fn serialize<'se, W: Write>(
        &self,
        serializer: &'se mut Serializer<W>,
    ) -> cbor_event::Result<&'se mut Serializer<W>> {
        serializer.write_tag_sz(
            2u64,
            fit_sz(
                2u64,
                self.encodings
                    .as_ref()
                    .map(|encs| encs.inner_tag_encoding)
                    .unwrap_or_default(),
            ),
        )?;
        serializer.write_bytes_sz(
            &self.inner,
            self.encodings
                .as_ref()
                .map(|encs| encs.inner_encoding.clone())
                .unwrap_or_default()
                .to_str_len_sz(self.inner.len() as u64),
        )
    }
}

impl Deserialize for PreludeBiguint {
    fn deserialize<R: BufRead + Seek>(raw: &mut Deserializer<R>) -> Result<Self, DeserializeError> {
        let (inner, inner_tag_encoding, inner_encoding) = match raw.tag_sz()? {
            (2, tag_enc) => raw
                .bytes_sz()
                .map(|(bytes, enc)| (bytes, Some(tag_enc), StringEncoding::from(enc)))?,
            (tag, _enc) => {
                return Err(DeserializeFailure::TagMismatch {
                    found: tag,
                    expected: 2,
                }
                .into())
            }
        };
        Ok(Self {
            inner,
            encodings: Some(PreludeBiguintEncoding {
                inner_tag_encoding,
                inner_encoding,
            }),
        })
    }
}

impl cbor_event::se::Serialize for PreludeDecfrac {
    fn serialize<'se, W: Write>(
        &self,
        serializer: &'se mut Serializer<W>,
    ) -> cbor_event::Result<&'se mut Serializer<W>> {
        serializer.write_tag_sz(
            4u64,
            fit_sz(
                4u64,
                self.encodings
                    .as_ref()
                    .map(|encs| encs.tag_encoding)
                    .unwrap_or_default(),
            ),
        )?;
        serializer.write_array_sz(
            self.encodings
                .as_ref()
                .map(|encs| encs.len_encoding)
                .unwrap_or_default()
                .to_len_sz(2),
        )?;
        self.e10.serialize(serializer)?;
        self.m.serialize(serializer)?;
        self.encodings
            .as_ref()
            .map(|encs| encs.len_encoding)
            .unwrap_or_default()
            .end(serializer)
    }
}

impl Deserialize for PreludeDecfrac {
    fn deserialize<R: BufRead + Seek>(raw: &mut Deserializer<R>) -> Result<Self, DeserializeError> {
        (|| -> Result<_, DeserializeError> {
            let (tag, tag_encoding) = raw.tag_sz()?;
            if tag != 4 {
                return Err(DeserializeFailure::TagMismatch {
                    found: tag,
                    expected: 4,
                }
                .into());
            }
            let len = raw.array_sz()?;
            let len_encoding: LenEncoding = len.into();
            let mut read_len = CBORReadLen::new(len);
            read_len.read_elems(2)?;
            read_len.finish()?;
            let e10 = Int::deserialize(raw).map_err(|e: DeserializeError| e.annotate("e10"))?;
            let m =
                PreludeInteger::deserialize(raw).map_err(|e: DeserializeError| e.annotate("m"))?;
            match len {
                cbor_event::LenSz::Len(_, _) => (),
                cbor_event::LenSz::Indefinite => match raw.special()? {
                    cbor_event::Special::Break => (),
                    _ => return Err(DeserializeFailure::EndingBreakMissing.into()),
                },
            }
            Ok(PreludeDecfrac {
                e10,
                m,
                encodings: Some(PreludeDecfracEncoding {
                    len_encoding,
                    tag_encoding: Some(tag_encoding),
                }),
            })
        })()
        .map_err(|e| e.annotate("PreludeDecfrac"))
    }
}

impl cbor_event::se::Serialize for PreludeEncodedCbor {
    fn serialize<'se, W: Write>(
        &self,
        serializer: &'se mut Serializer<W>,
    ) -> cbor_event::Result<&'se mut Serializer<W>> {
        serializer.write_tag_sz(
            24u64,
            fit_sz(
                24u64,
                self.encodings
                    .as_ref()
                    .map(|encs| encs.inner_tag_encoding)
                    .unwrap_or_default(),
            ),
        )?;
        serializer.write_bytes_sz(
            &self.inner,
            self.encodings
                .as_ref()
                .map(|encs| encs.inner_encoding.clone())
                .unwrap_or_default()
                .to_str_len_sz(self.inner.len() as u64),
        )
    }
}

impl Deserialize for PreludeEncodedCbor {
    fn deserialize<R: BufRead + Seek>(raw: &mut Deserializer<R>) -> Result<Self, DeserializeError> {
        let (inner, inner_tag_encoding, inner_encoding) = match raw.tag_sz()? {
            (24, tag_enc) => raw
                .bytes_sz()
                .map(|(bytes, enc)| (bytes, Some(tag_enc), StringEncoding::from(enc)))?,
            (tag, _enc) => {
                return Err(DeserializeFailure::TagMismatch {
                    found: tag,
                    expected: 24,
                }
                .into())
            }
        };
        Ok(Self {
            inner,
            encodings: Some(PreludeEncodedCborEncoding {
                inner_tag_encoding,
                inner_encoding,
            }),
        })
    }
}

impl cbor_event::se::Serialize for PreludeInteger {
    fn serialize<'se, W: Write>(
        &self,
        serializer: &'se mut Serializer<W>,
    ) -> cbor_event::Result<&'se mut Serializer<W>> {
        match self {
            PreludeInteger::Int(int) => int.serialize(serializer),
            PreludeInteger::PreludeBigint(prelude_bigint) => prelude_bigint.serialize(serializer),
        }
    }
}

impl Deserialize for PreludeInteger {
    fn deserialize<R: BufRead + Seek>(raw: &mut Deserializer<R>) -> Result<Self, DeserializeError> {
        (|| -> Result<_, DeserializeError> {
            match raw.cbor_type()? {
                cbor_event::Type::UnsignedInteger | cbor_event::Type::NegativeInteger => {
                    Ok(PreludeInteger::Int(Int::deserialize(raw)?))
                }
                cbor_event::Type::Tag => Ok(PreludeInteger::PreludeBigint(
                    PreludeBigint::deserialize(raw)?,
                )),
                _ => Err(DeserializeError::new(
                    "PreludeInteger",
                    DeserializeFailure::NoVariantMatched,
                )),
            }
        })()
        .map_err(|e| e.annotate("PreludeInteger"))
    }
}

impl cbor_event::se::Serialize for PreludeMimeMessage {
    fn serialize<'se, W: Write>(
        &self,
        serializer: &'se mut Serializer<W>,
    ) -> cbor_event::Result<&'se mut Serializer<W>> {
        serializer.write_tag_sz(
            36u64,
            fit_sz(
                36u64,
                self.encodings
                    .as_ref()
                    .map(|encs| encs.inner_tag_encoding)
                    .unwrap_or_default(),
            ),
        )?;
        serializer.write_text_sz(
            &self.inner,
            self.encodings
                .as_ref()
                .map(|encs| encs.inner_encoding.clone())
                .unwrap_or_default()
                .to_str_len_sz(self.inner.len() as u64),
        )
    }
}

impl Deserialize for PreludeMimeMessage {
    fn deserialize<R: BufRead + Seek>(raw: &mut Deserializer<R>) -> Result<Self, DeserializeError> {
        let (inner, inner_tag_encoding, inner_encoding) = match raw.tag_sz()? {
            (36, tag_enc) => raw
                .text_sz()
                .map(|(s, enc)| (s, Some(tag_enc), StringEncoding::from(enc)))?,
            (tag, _enc) => {
                return Err(DeserializeFailure::TagMismatch {
                    found: tag,
                    expected: 36,
                }
                .into())
            }
        };
        Ok(Self {
            inner,
            encodings: Some(PreludeMimeMessageEncoding {
                inner_tag_encoding,
                inner_encoding,
            }),
        })
    }
}

impl cbor_event::se::Serialize for PreludeRegexp {
    fn serialize<'se, W: Write>(
        &self,
        serializer: &'se mut Serializer<W>,
    ) -> cbor_event::Result<&'se mut Serializer<W>> {
        serializer.write_tag_sz(
            35u64,
            fit_sz(
                35u64,
                self.encodings
                    .as_ref()
                    .map(|encs| encs.inner_tag_encoding)
                    .unwrap_or_default(),
            ),
        )?;
        serializer.write_text_sz(
            &self.inner,
            self.encodings
                .as_ref()
                .map(|encs| encs.inner_encoding.clone())
                .unwrap_or_default()
                .to_str_len_sz(self.inner.len() as u64),
        )
    }
}

impl Deserialize for PreludeRegexp {
    fn deserialize<R: BufRead + Seek>(raw: &mut Deserializer<R>) -> Result<Self, DeserializeError> {
        let (inner, inner_tag_encoding, inner_encoding) = match raw.tag_sz()? {
            (35, tag_enc) => raw
                .text_sz()
                .map(|(s, enc)| (s, Some(tag_enc), StringEncoding::from(enc)))?,
            (tag, _enc) => {
                return Err(DeserializeFailure::TagMismatch {
                    found: tag,
                    expected: 35,
                }
                .into())
            }
        };
        Ok(Self {
            inner,
            encodings: Some(PreludeRegexpEncoding {
                inner_tag_encoding,
                inner_encoding,
            }),
        })
    }
}

impl cbor_event::se::Serialize for PreludeTdate {
    fn serialize<'se, W: Write>(
        &self,
        serializer: &'se mut Serializer<W>,
    ) -> cbor_event::Result<&'se mut Serializer<W>> {
        serializer.write_tag_sz(
            0u64,
            fit_sz(
                0u64,
                self.encodings
                    .as_ref()
                    .map(|encs| encs.inner_tag_encoding)
                    .unwrap_or_default(),
            ),
        )?;
        serializer.write_text_sz(
            &self.inner,
            self.encodings
                .as_ref()
                .map(|encs| encs.inner_encoding.clone())
                .unwrap_or_default()
                .to_str_len_sz(self.inner.len() as u64),
        )
    }
}

impl Deserialize for PreludeTdate {
    fn deserialize<R: BufRead + Seek>(raw: &mut Deserializer<R>) -> Result<Self, DeserializeError> {
        let (inner, inner_tag_encoding, inner_encoding) = match raw.tag_sz()? {
            (0, tag_enc) => raw
                .text_sz()
                .map(|(s, enc)| (s, Some(tag_enc), StringEncoding::from(enc)))?,
            (tag, _enc) => {
                return Err(DeserializeFailure::TagMismatch {
                    found: tag,
                    expected: 0,
                }
                .into())
            }
        };
        Ok(Self {
            inner,
            encodings: Some(PreludeTdateEncoding {
                inner_tag_encoding,
                inner_encoding,
            }),
        })
    }
}

impl cbor_event::se::Serialize for PreludeUnsigned {
    fn serialize<'se, W: Write>(
        &self,
        serializer: &'se mut Serializer<W>,
    ) -> cbor_event::Result<&'se mut Serializer<W>> {
        match self {
            PreludeUnsigned::U64 {
                uint,
                uint_encoding,
            } => serializer.write_unsigned_integer_sz(*uint, fit_sz(*uint, *uint_encoding)),
            PreludeUnsigned::PreludeBiguint(prelude_biguint) => {
                prelude_biguint.serialize(serializer)
            }
        }
    }
}

impl Deserialize for PreludeUnsigned {
    fn deserialize<R: BufRead + Seek>(raw: &mut Deserializer<R>) -> Result<Self, DeserializeError> {
        (|| -> Result<_, DeserializeError> {
            match raw.cbor_type()? {
                cbor_event::Type::UnsignedInteger => {
                    let (uint, uint_encoding) =
                        raw.unsigned_integer_sz().map(|(x, enc)| (x, Some(enc)))?;
                    Ok(Self::U64 {
                        uint,
                        uint_encoding,
                    })
                }
                cbor_event::Type::Tag => Ok(PreludeUnsigned::PreludeBiguint(
                    PreludeBiguint::deserialize(raw)?,
                )),
                _ => Err(DeserializeError::new(
                    "PreludeUnsigned",
                    DeserializeFailure::NoVariantMatched,
                )),
            }
        })()
        .map_err(|e| e.annotate("PreludeUnsigned"))
    }
}

impl cbor_event::se::Serialize for PreludeUri {
    fn serialize<'se, W: Write>(
        &self,
        serializer: &'se mut Serializer<W>,
    ) -> cbor_event::Result<&'se mut Serializer<W>> {
        serializer.write_tag_sz(
            32u64,
            fit_sz(
                32u64,
                self.encodings
                    .as_ref()
                    .map(|encs| encs.inner_tag_encoding)
                    .unwrap_or_default(),
            ),
        )?;
        serializer.write_text_sz(
            &self.inner,
            self.encodings
                .as_ref()
                .map(|encs| encs.inner_encoding.clone())
                .unwrap_or_default()
                .to_str_len_sz(self.inner.len() as u64),
        )
    }
}

impl Deserialize for PreludeUri {
    fn deserialize<R: BufRead + Seek>(raw: &mut Deserializer<R>) -> Result<Self, DeserializeError> {
        let (inner, inner_tag_encoding, inner_encoding) = match raw.tag_sz()? {
            (32, tag_enc) => raw
                .text_sz()
                .map(|(s, enc)| (s, Some(tag_enc), StringEncoding::from(enc)))?,
            (tag, _enc) => {
                return Err(DeserializeFailure::TagMismatch {
                    found: tag,
                    expected: 32,
                }
                .into())
            }
        };
        Ok(Self {
            inner,
            encodings: Some(PreludeUriEncoding {
                inner_tag_encoding,
                inner_encoding,
            }),
        })
    }
}
