---
source: src/tests/snapshot_tests.rs
expression: content
---
// This file was code-generated using an experimental CDDL to rust tool:
// https://github.com/dcSpark/cddl-codegen

#![allow(
    clippy::len_without_is_empty,
    clippy::too_many_arguments,
    clippy::new_without_default
)]
pub mod a;
pub mod b;
pub mod collections;
pub mod qux;
pub use extern_dep_crate::Int;

use a::Baz;
use a::c::foo::Foo;
use b::bar::{Bar, BarTypedef};
use extern_dep_crate::ExternCrateFoo;
use extern_dep_crate::ordered_hash_map::OrderedHashMap;
use qux::Qux;
use wasm_bindgen::prelude::{JsError, wasm_bindgen};

#[derive(Clone, Debug)]
#[wasm_bindgen]
pub struct BarList(pub(crate) Vec<cddl_lib::b::bar::Bar>);

#[wasm_bindgen]
impl BarList {
    pub fn new() -> Self {
        Self(Vec::new())
    }

    pub fn len(&self) -> usize {
        self.0.len()
    }

    pub fn get(&self, index: usize) -> Bar {
        self.0[index].clone().into()
    }

    pub fn add(&mut self, elem: &Bar) {
        self.0.push(elem.clone().into());
    }
}

impl From<Vec<cddl_lib::b::bar::Bar>> for BarList {
    fn from(native: Vec<cddl_lib::b::bar::Bar>) -> Self {
        Self(native)
    }
}

impl From<BarList> for Vec<cddl_lib::b::bar::Bar> {
    fn from(wasm: BarList) -> Self {
        wasm.0
    }
}

impl AsRef<Vec<cddl_lib::b::bar::Bar>> for BarList {
    fn as_ref(&self) -> &Vec<cddl_lib::b::bar::Bar> {
        &self.0
    }
}

pub type DeltaCoin = Int;

#[derive(Clone, Debug)]
#[wasm_bindgen]
pub struct Everything(pub(crate) cddl_lib::Everything);

#[wasm_bindgen]
impl Everything {
    pub fn to_cbor_bytes(&self) -> Vec<u8> {
        extern_dep_crate::serialization::ToCBORBytes::to_cbor_bytes(&self.0)
    }

    pub fn from_cbor_bytes(cbor_bytes: &[u8]) -> Result<Everything, JsError> {
        extern_dep_crate::serialization::Deserialize::from_cbor_bytes(cbor_bytes)
            .map(Self)
            .map_err(|e| JsError::new(&format!("from_bytes: {}", e)))
    }

    pub fn foo(&self) -> Foo {
        self.0.foo.clone().into()
    }

    pub fn extern_crate_foo(&self) -> ExternCrateFoo {
        self.0.extern_crate_foo.clone().into()
    }

    pub fn extern_foos(&self) -> ExternCrateFooList {
        self.0.extern_foos.clone().into()
    }

    pub fn bars(&self) -> BarList {
        self.0.bars.clone().into()
    }

    pub fn table(&self) -> MapU64ToBarTypedef {
        self.0.table.clone().into()
    }

    pub fn baz(&self) -> Baz {
        self.0.baz.clone().into()
    }

    pub fn qux(&self) -> Qux {
        self.0.qux.clone().into()
    }

    pub fn new(
        foo: &Foo,
        extern_crate_foo: &ExternCrateFoo,
        extern_foos: &ExternCrateFooList,
        bars: &BarList,
        table: &MapU64ToBarTypedef,
        baz: &Baz,
        qux: &Qux,
    ) -> Self {
        Self(cddl_lib::Everything::new(
            foo.clone().into(),
            extern_crate_foo.clone().into(),
            extern_foos.clone().into(),
            bars.clone().into(),
            table.clone().into(),
            baz.clone().into(),
            qux.clone().into(),
        ))
    }
}

impl From<cddl_lib::Everything> for Everything {
    fn from(native: cddl_lib::Everything) -> Self {
        Self(native)
    }
}

impl From<Everything> for cddl_lib::Everything {
    fn from(wasm: Everything) -> Self {
        wasm.0
    }
}

impl AsRef<cddl_lib::Everything> for Everything {
    fn as_ref(&self) -> &cddl_lib::Everything {
        &self.0
    }
}

#[derive(Clone, Debug)]
#[wasm_bindgen]
pub struct ExternCrateFooList(pub(crate) Vec<extern_dep_crate::ExternCrateFoo>);

#[wasm_bindgen]
impl ExternCrateFooList {
    pub fn new() -> Self {
        Self(Vec::new())
    }

    pub fn len(&self) -> usize {
        self.0.len()
    }

    pub fn get(&self, index: usize) -> ExternCrateFoo {
        self.0[index].clone().into()
    }

    pub fn add(&mut self, elem: &ExternCrateFoo) {
        self.0.push(elem.clone().into());
    }
}

impl From<Vec<extern_dep_crate::ExternCrateFoo>> for ExternCrateFooList {
    fn from(native: Vec<extern_dep_crate::ExternCrateFoo>) -> Self {
        Self(native)
    }
}

impl From<ExternCrateFooList> for Vec<extern_dep_crate::ExternCrateFoo> {
    fn from(wasm: ExternCrateFooList) -> Self {
        wasm.0
    }
}

impl AsRef<Vec<extern_dep_crate::ExternCrateFoo>> for ExternCrateFooList {
    fn as_ref(&self) -> &Vec<extern_dep_crate::ExternCrateFoo> {
        &self.0
    }
}

#[derive(Clone, Debug)]
#[wasm_bindgen]
pub struct FooList(pub(crate) Vec<cddl_lib::a::c::foo::Foo>);

#[wasm_bindgen]
impl FooList {
    pub fn new() -> Self {
        Self(Vec::new())
    }

    pub fn len(&self) -> usize {
        self.0.len()
    }

    pub fn get(&self, index: usize) -> Foo {
        self.0[index].clone().into()
    }

    pub fn add(&mut self, elem: &Foo) {
        self.0.push(elem.clone().into());
    }
}

impl From<Vec<cddl_lib::a::c::foo::Foo>> for FooList {
    fn from(native: Vec<cddl_lib::a::c::foo::Foo>) -> Self {
        Self(native)
    }
}

impl From<FooList> for Vec<cddl_lib::a::c::foo::Foo> {
    fn from(wasm: FooList) -> Self {
        wasm.0
    }
}

impl AsRef<Vec<cddl_lib::a::c::foo::Foo>> for FooList {
    fn as_ref(&self) -> &Vec<cddl_lib::a::c::foo::Foo> {
        &self.0
    }
}

pub type IntError = JsError;

#[derive(Clone, Debug)]
#[wasm_bindgen]
pub struct IntHolder(pub(crate) cddl_lib::IntHolder);

#[wasm_bindgen]
impl IntHolder {
    pub fn to_cbor_bytes(&self) -> Vec<u8> {
        extern_dep_crate::serialization::ToCBORBytes::to_cbor_bytes(&self.0)
    }

    pub fn from_cbor_bytes(cbor_bytes: &[u8]) -> Result<IntHolder, JsError> {
        extern_dep_crate::serialization::Deserialize::from_cbor_bytes(cbor_bytes)
            .map(Self)
            .map_err(|e| JsError::new(&format!("from_bytes: {}", e)))
    }

    pub fn delta(&self) -> Int {
        self.0.delta.clone().into()
    }

    pub fn new(delta: &Int) -> Self {
        Self(cddl_lib::IntHolder::new(delta.clone().into()))
    }
}

impl From<cddl_lib::IntHolder> for IntHolder {
    fn from(native: cddl_lib::IntHolder) -> Self {
        Self(native)
    }
}

impl From<IntHolder> for cddl_lib::IntHolder {
    fn from(wasm: IntHolder) -> Self {
        wasm.0
    }
}

impl AsRef<cddl_lib::IntHolder> for IntHolder {
    fn as_ref(&self) -> &cddl_lib::IntHolder {
        &self.0
    }
}

#[derive(Clone, Debug)]
#[wasm_bindgen]
pub struct MapFooToFoo(
    pub(crate) OrderedHashMap<cddl_lib::a::c::foo::Foo, cddl_lib::a::c::foo::Foo>,
);

#[wasm_bindgen]
impl MapFooToFoo {
    pub fn new() -> Self {
        Self(OrderedHashMap::new())
    }

    pub fn len(&self) -> usize {
        self.0.len()
    }

    pub fn insert(&mut self, key: &Foo, value: &Foo) -> Option<Foo> {
        self.0
            .insert(key.clone().into(), value.clone().into())
            .map(Into::into)
    }

    pub fn get(&self, key: &Foo) -> Option<Foo> {
        self.0.get(key.as_ref()).map(|v| v.clone().into())
    }

    pub fn keys(&self) -> FooList {
        FooList(self.0.keys().cloned().collect::<Vec<_>>())
    }
}

impl From<OrderedHashMap<cddl_lib::a::c::foo::Foo, cddl_lib::a::c::foo::Foo>> for MapFooToFoo {
    fn from(native: OrderedHashMap<cddl_lib::a::c::foo::Foo, cddl_lib::a::c::foo::Foo>) -> Self {
        Self(native)
    }
}

impl From<MapFooToFoo> for OrderedHashMap<cddl_lib::a::c::foo::Foo, cddl_lib::a::c::foo::Foo> {
    fn from(wasm: MapFooToFoo) -> Self {
        wasm.0
    }
}

impl AsRef<OrderedHashMap<cddl_lib::a::c::foo::Foo, cddl_lib::a::c::foo::Foo>> for MapFooToFoo {
    fn as_ref(&self) -> &OrderedHashMap<cddl_lib::a::c::foo::Foo, cddl_lib::a::c::foo::Foo> {
        &self.0
    }
}

#[derive(Clone, Debug)]
#[wasm_bindgen]
pub struct MapU64ToBarTypedef(pub(crate) OrderedHashMap<u64, cddl_lib::b::bar::BarTypedef>);

#[wasm_bindgen]
impl MapU64ToBarTypedef {
    pub fn new() -> Self {
        Self(OrderedHashMap::new())
    }

    pub fn len(&self) -> usize {
        self.0.len()
    }

    pub fn insert(&mut self, key: u64, value: &BarTypedef) -> Option<BarTypedef> {
        self.0.insert(key, value.clone().into()).map(Into::into)
    }

    pub fn get(&self, key: u64) -> Option<BarTypedef> {
        self.0.get(&key).map(|v| v.clone().into())
    }

    pub fn keys(&self) -> Vec<u64> {
        self.0.keys().copied().collect::<Vec<_>>()
    }
}

impl From<OrderedHashMap<u64, cddl_lib::b::bar::BarTypedef>> for MapU64ToBarTypedef {
    fn from(native: OrderedHashMap<u64, cddl_lib::b::bar::BarTypedef>) -> Self {
        Self(native)
    }
}

impl From<MapU64ToBarTypedef> for OrderedHashMap<u64, cddl_lib::b::bar::BarTypedef> {
    fn from(wasm: MapU64ToBarTypedef) -> Self {
        wasm.0
    }
}

impl AsRef<OrderedHashMap<u64, cddl_lib::b::bar::BarTypedef>> for MapU64ToBarTypedef {
    fn as_ref(&self) -> &OrderedHashMap<u64, cddl_lib::b::bar::BarTypedef> {
        &self.0
    }
}
