---
source: src/tests/snapshot_tests.rs
expression: content
---
// This file was code-generated using an experimental CDDL to rust tool:
// https://github.com/dcSpark/cddl-codegen

use super::*;
use crate::generated::error::*;
use cbor_event::de::Deserializer;
use cbor_event::se::{Serialize, Serializer};

impl cbor_event::se::Serialize for SizedText {
    fn serialize<'se>(
        &self,
        serializer: &'se mut Serializer,
    ) -> cbor_event::Result<&'se mut Serializer> {
        serializer.write_text(&self.0)
    }
}

impl Deserialize for SizedText {
    fn deserialize(raw: &mut Deserializer) -> Result<Self, DeserializeError> {
        (|| -> Result<_, DeserializeError> {
            let inner = raw.text()?;
            if inner.len() < 1 || inner.len() > 16 {
                return Err(DeserializeFailure::RangeCheck {
                    found: inner.len() as i128,
                    min: Some(1),
                    max: Some(16),
                }
                .into());
            }
            Ok(Self(inner))
        })()
        .map_err(|e| e.annotate("SizedText"))
    }
}
