---
source: src/tests/snapshot_tests.rs
expression: content
---
// This file was code-generated using an experimental CDDL to rust tool:
// https://github.com/dcSpark/cddl-codegen

#![allow(
    clippy::len_without_is_empty,
    clippy::too_many_arguments,
    clippy::new_without_default
)]
pub mod collections;

use wasm_bindgen::prelude::{JsError, JsValue, wasm_bindgen};

#[derive(Clone, Debug)]
#[wasm_bindgen]
pub struct SizedText(pub(crate) cddl_lib::SizedText);

#[wasm_bindgen]
impl SizedText {
    pub fn to_cbor_bytes(&self) -> Vec<u8> {
        cddl_lib::serialization::ToCBORBytes::to_cbor_bytes(&self.0)
    }

    pub fn from_cbor_bytes(cbor_bytes: &[u8]) -> Result<SizedText, JsError> {
        cddl_lib::serialization::Deserialize::from_cbor_bytes(cbor_bytes)
            .map(Self)
            .map_err(|e| JsError::new(&format!("from_bytes: {}", e)))
    }

    pub fn to_json(&self) -> Result<String, JsError> {
        serde_json::to_string_pretty(&self.0).map_err(|e| JsError::new(&format!("to_json: {}", e)))
    }

    pub fn to_json_value(&self) -> Result<JsValue, JsError> {
        serde::Serialize::serialize(&self.0, &serde_wasm_bindgen::Serializer::json_compatible())
            .map_err(|e| JsError::new(&format!("to_json_value: {}", e)))
    }

    pub fn from_json(json: &str) -> Result<SizedText, JsError> {
        serde_json::from_str(json)
            .map(Self)
            .map_err(|e| JsError::new(&format!("from_json: {}", e)))
    }

    pub fn new(inner: String) -> Result<SizedText, JsError> {
        cddl_lib::SizedText::new(inner)
            .map(Into::into)
            .map_err(Into::into)
    }

    pub fn get(&self) -> String {
        self.0.get().clone()
    }
}

impl From<cddl_lib::SizedText> for SizedText {
    fn from(native: cddl_lib::SizedText) -> Self {
        Self(native)
    }
}

impl From<SizedText> for cddl_lib::SizedText {
    fn from(wasm: SizedText) -> Self {
        wasm.0
    }
}

impl AsRef<cddl_lib::SizedText> for SizedText {
    fn as_ref(&self) -> &cddl_lib::SizedText {
        &self.0
    }
}
