---
source: src/tests/snapshot_tests.rs
expression: content
---
// This file was code-generated using an experimental CDDL to rust tool:
// https://github.com/dcSpark/cddl-codegen

#![allow(
    clippy::len_without_is_empty,
    clippy::too_many_arguments,
    clippy::new_without_default
)]

use extern_dep_crate::ordered_hash_map::OrderedHashMap;
use extern_dep_crate_wasm::ExternCrateFoo;
use wasm_bindgen::prelude::{wasm_bindgen, JsError};

#[derive(Clone, Debug)]
#[wasm_bindgen]
pub struct Everything(cddl_lib::Everything);

#[wasm_bindgen]
impl Everything {
    pub fn to_cbor_bytes(&self) -> Vec<u8> {
        extern_dep_crate::serialization::ToCBORBytes::to_cbor_bytes(&self.0)
    }

    pub fn from_cbor_bytes(cbor_bytes: &[u8]) -> Result<Everything, JsError> {
        extern_dep_crate::serialization::Deserialize::from_cbor_bytes(cbor_bytes)
            .map(Self)
            .map_err(|e| JsError::new(&format!("from_bytes: {}", e)))
    }

    pub fn single(&self) -> ExternCrateFoo {
        self.0.single.clone().into()
    }

    pub fn foos(&self) -> ExternCrateFooList {
        self.0.foos.clone().into()
    }

    pub fn table(&self) -> MapU64ToExternCrateFoo {
        self.0.table.clone().into()
    }

    pub fn new(
        single: &ExternCrateFoo,
        foos: &ExternCrateFooList,
        table: &MapU64ToExternCrateFoo,
    ) -> Self {
        Self(cddl_lib::Everything::new(
            single.clone().into(),
            foos.clone().into(),
            table.clone().into(),
        ))
    }
}

impl From<cddl_lib::Everything> for Everything {
    fn from(native: cddl_lib::Everything) -> Self {
        Self(native)
    }
}

impl From<Everything> for cddl_lib::Everything {
    fn from(wasm: Everything) -> Self {
        wasm.0
    }
}

impl AsRef<cddl_lib::Everything> for Everything {
    fn as_ref(&self) -> &cddl_lib::Everything {
        &self.0
    }
}

#[derive(Clone, Debug)]
#[wasm_bindgen]
pub struct ExternCrateFooList(Vec<extern_dep_crate::ExternCrateFoo>);

#[wasm_bindgen]
impl ExternCrateFooList {
    pub fn new() -> Self {
        Self(Vec::new())
    }

    pub fn len(&self) -> usize {
        self.0.len()
    }

    pub fn get(&self, index: usize) -> ExternCrateFoo {
        self.0[index].clone().into()
    }

    pub fn add(&mut self, elem: &ExternCrateFoo) {
        self.0.push(elem.clone().into());
    }
}

impl From<Vec<extern_dep_crate::ExternCrateFoo>> for ExternCrateFooList {
    fn from(native: Vec<extern_dep_crate::ExternCrateFoo>) -> Self {
        Self(native)
    }
}

impl From<ExternCrateFooList> for Vec<extern_dep_crate::ExternCrateFoo> {
    fn from(wasm: ExternCrateFooList) -> Self {
        wasm.0
    }
}

impl AsRef<Vec<extern_dep_crate::ExternCrateFoo>> for ExternCrateFooList {
    fn as_ref(&self) -> &Vec<extern_dep_crate::ExternCrateFoo> {
        &self.0
    }
}

#[derive(Clone, Debug)]
#[wasm_bindgen]
pub struct MapU64ToExternCrateFoo(OrderedHashMap<u64, extern_dep_crate::ExternCrateFoo>);

#[wasm_bindgen]
impl MapU64ToExternCrateFoo {
    pub fn new() -> Self {
        Self(OrderedHashMap::new())
    }

    pub fn len(&self) -> usize {
        self.0.len()
    }

    pub fn insert(&mut self, key: u64, value: &ExternCrateFoo) -> Option<ExternCrateFoo> {
        self.0.insert(key, value.clone().into()).map(Into::into)
    }

    pub fn get(&self, key: u64) -> Option<ExternCrateFoo> {
        self.0.get(&key).map(|v| v.clone().into())
    }

    pub fn keys(&self) -> Vec<u64> {
        self.0.keys().copied().collect::<Vec<_>>()
    }
}

impl From<OrderedHashMap<u64, extern_dep_crate::ExternCrateFoo>> for MapU64ToExternCrateFoo {
    fn from(native: OrderedHashMap<u64, extern_dep_crate::ExternCrateFoo>) -> Self {
        Self(native)
    }
}

impl From<MapU64ToExternCrateFoo> for OrderedHashMap<u64, extern_dep_crate::ExternCrateFoo> {
    fn from(wasm: MapU64ToExternCrateFoo) -> Self {
        wasm.0
    }
}

impl AsRef<OrderedHashMap<u64, extern_dep_crate::ExternCrateFoo>> for MapU64ToExternCrateFoo {
    fn as_ref(&self) -> &OrderedHashMap<u64, extern_dep_crate::ExternCrateFoo> {
        &self.0
    }
}
