---
source: src/tests/snapshot_tests.rs
expression: content
---
// This file was code-generated using an experimental CDDL to rust tool:
// https://github.com/dcSpark/cddl-codegen

#![allow(
    clippy::too_many_arguments,
    clippy::large_enum_variant,
    clippy::result_large_err
)]

extern crate alloc;
use alloc::collections::BTreeMap;
use alloc::vec::Vec;
pub mod error;
mod extern_interface_check;
pub mod json_schema_gen;
pub mod json_value_ser;
pub mod non_empty;
pub mod serialization;

use crate::generated::non_empty::NonEmptyVec;

pub type ArrU64List = Vec<Vec<u64>>;

#[derive(Clone, Debug, serde::Deserialize, serde::Serialize, schemars::JsonSchema)]
pub struct Holder {
    pub table: T,
}

impl Holder {
    pub fn new(table: T) -> Self {
        Self { table }
    }
}

pub type T = BTreeMap<NonEmptyVec<u64>, u64>;
