---
source: src/tests/snapshot_tests.rs
expression: content
---
// This file was code-generated using an experimental CDDL to rust tool:
// https://github.com/dcSpark/cddl-codegen

#![allow(
    clippy::too_many_arguments,
    clippy::large_enum_variant,
    clippy::result_large_err
)]

pub mod error;
pub mod ordered_hash_map;
extern crate derivative;
mod extern_interface_check;
pub mod serialization;

#[derive(Copy, Eq, PartialEq, Ord, PartialOrd, Clone, Debug)]
#[cfg_attr(feature = "wasm", wasm_bindgen::prelude::wasm_bindgen)]
pub enum FixedEnum {
    I0,
    I1,
    I2,
}
