---
source: src/tests/snapshot_tests.rs
expression: ir
---
{
    RustIdent(
        "Int",
    ): RustStruct {
        ident: RustIdent(
            "Int",
        ),
        tag: None,
        tag_optional: false,
        config: RustStructConfig {
            custom_json: false,
            custom_serialize: None,
            custom_deserialize: None,
            doc: None,
            newtype_getter: None,
            duplicates: None,
        },
        variant: Extern,
    },
    RustIdent(
        "PairU64Text",
    ): RustStruct {
        ident: RustIdent(
            "PairU64Text",
        ),
        tag: None,
        tag_optional: false,
        config: RustStructConfig {
            custom_json: false,
            custom_serialize: None,
            custom_deserialize: None,
            doc: None,
            newtype_getter: None,
            duplicates: None,
        },
        variant: Record(
            RustRecord {
                rep: Array,
                fields: [
                    RustField {
                        name: "a",
                        rust_type: RustType {
                            conceptual_type: Primitive(
                                U64,
                            ),
                            encodings: [],
                            config: RustTypeSerializeConfig {
                                default: None,
                                bounds: None,
                                duplicates: None,
                                float_bounds: None,
                                basic_override: false,
                            },
                        },
                        optional: false,
                        key: None,
                        rule_metadata: RuleMetadata {
                            name: None,
                            rust_name: None,
                            newtype: None,
                            no_alias: false,
                            key_demand: None,
                            used_as_elem: false,
                            copy: false,
                            raw_bytes_flavor: false,
                            duplicates: None,
                            custom_json: false,
                            custom_serialize: None,
                            custom_deserialize: None,
                            comment: None,
                        },
                    },
                    RustField {
                        name: "b",
                        rust_type: RustType {
                            conceptual_type: Primitive(
                                Str,
                            ),
                            encodings: [],
                            config: RustTypeSerializeConfig {
                                default: None,
                                bounds: None,
                                duplicates: None,
                                float_bounds: None,
                                basic_override: false,
                            },
                        },
                        optional: false,
                        key: None,
                        rule_metadata: RuleMetadata {
                            name: None,
                            rust_name: None,
                            newtype: None,
                            no_alias: false,
                            key_demand: None,
                            used_as_elem: false,
                            copy: false,
                            raw_bytes_flavor: false,
                            duplicates: None,
                            custom_json: false,
                            custom_serialize: None,
                            custom_deserialize: None,
                            comment: None,
                        },
                    },
                ],
            },
        ),
    },
    RustIdent(
        "X",
    ): RustStruct {
        ident: RustIdent(
            "X",
        ),
        tag: None,
        tag_optional: false,
        config: RustStructConfig {
            custom_json: false,
            custom_serialize: None,
            custom_deserialize: None,
            doc: None,
            newtype_getter: None,
            duplicates: None,
        },
        variant: Record(
            RustRecord {
                rep: Array,
                fields: [
                    RustField {
                        name: "pair",
                        rust_type: RustType {
                            conceptual_type: Rust(
                                RustIdent(
                                    "PairU64Text",
                                ),
                            ),
                            encodings: [],
                            config: RustTypeSerializeConfig {
                                default: None,
                                bounds: None,
                                duplicates: None,
                                float_bounds: None,
                                basic_override: false,
                            },
                        },
                        optional: false,
                        key: None,
                        rule_metadata: RuleMetadata {
                            name: None,
                            rust_name: None,
                            newtype: None,
                            no_alias: false,
                            key_demand: None,
                            used_as_elem: false,
                            copy: false,
                            raw_bytes_flavor: false,
                            duplicates: None,
                            custom_json: false,
                            custom_serialize: None,
                            custom_deserialize: None,
                            comment: None,
                        },
                    },
                ],
            },
        ),
    },
    RustIdent(
        "Y",
    ): RustStruct {
        ident: RustIdent(
            "Y",
        ),
        tag: None,
        tag_optional: false,
        config: RustStructConfig {
            custom_json: false,
            custom_serialize: None,
            custom_deserialize: None,
            doc: None,
            newtype_getter: None,
            duplicates: None,
        },
        variant: Array {
            element_type: RustType {
                conceptual_type: Rust(
                    RustIdent(
                        "PairU64Text",
                    ),
                ),
                encodings: [],
                config: RustTypeSerializeConfig {
                    default: None,
                    bounds: None,
                    duplicates: None,
                    float_bounds: None,
                    basic_override: false,
                },
            },
            bounds: None,
        },
    },
}
