---
source: src/tests/snapshot_tests.rs
expression: ir
---
{
    RustIdent(
        "Int",
    ): RustStruct {
        ident: RustIdent(
            "Int",
        ),
        tag: None,
        tag_optional: false,
        config: RustStructConfig {
            custom_json: false,
            custom_serialize: None,
            custom_deserialize: None,
            doc: None,
            newtype_getter: None,
            duplicates: None,
        },
        variant: Extern,
    },
    RustIdent(
        "TaggedRanged",
    ): RustStruct {
        ident: RustIdent(
            "TaggedRanged",
        ),
        tag: None,
        tag_optional: false,
        config: RustStructConfig {
            custom_json: false,
            custom_serialize: None,
            custom_deserialize: None,
            doc: None,
            newtype_getter: None,
            duplicates: None,
        },
        variant: Wrapper {
            wrapped: RustType {
                conceptual_type: Primitive(
                    U8,
                ),
                encodings: [
                    Tagged(
                        42,
                    ),
                ],
                config: RustTypeSerializeConfig {
                    default: None,
                    bounds: None,
                    duplicates: None,
                    float_bounds: None,
                    basic_override: false,
                },
            },
            min_max: None,
            float_min_max: None,
        },
    },
}
