---
source: src/tests/snapshot_tests.rs
expression: content
---
// This file was code-generated using an experimental CDDL to rust tool:
// https://github.com/dcSpark/cddl-codegen

#![allow(clippy::too_many_arguments)]

pub mod error;
pub mod ordered_hash_map;
extern crate derivative;
pub mod cbor_encodings;
pub mod serialization;

use crate::generated::error::*;
use crate::generated::serialization::{LenEncoding, StringEncoding};
use cbor_encodings::TaggedRangedEncoding;
use std::convert::TryFrom;

#[derive(Clone, Debug)]
pub struct TaggedRanged {
    inner: u8,
    pub encodings: Option<TaggedRangedEncoding>,
}

impl TaggedRanged {
    pub fn get(&self) -> u8 {
        self.inner
    }

    pub fn new(inner: u8) -> Self {
        Self {
            inner,
            encodings: None,
        }
    }
}

impl From<u8> for TaggedRanged {
    fn from(inner: u8) -> Self {
        TaggedRanged::new(inner)
    }
}

impl From<TaggedRanged> for u8 {
    fn from(wrapper: TaggedRanged) -> Self {
        wrapper.inner
    }
}
