---
source: src/snapshot_tests.rs
expression: content
---
#![allow(clippy::too_many_arguments)]

pub mod error;
// This file was code-generated using an experimental CDDL to rust tool:
// https://github.com/dcSpark/cddl-codegen

pub mod serialization;

use crate::error::*;
use std::collections::BTreeMap;
use std::convert::TryFrom;

#[derive(Clone, Debug, serde::Deserialize, serde::Serialize, schemars::JsonSchema)]
pub struct ExclusiveRange {
    pub v: u64,
}

impl ExclusiveRange {
    pub fn new(v: u64) -> Result<Self, DeserializeError> {
        if v > 11 {
            return Err(DeserializeFailure::RangeCheck {
                found: v as isize,
                min: None,
                max: Some(11),
            }
            .into());
        }
        Ok(Self { v })
    }
}
