---
source: src/tests/snapshot_tests.rs
expression: content
---
// This file was code-generated using an experimental CDDL to rust tool:
// https://github.com/dcSpark/cddl-codegen

#![allow(
    clippy::too_many_arguments,
    clippy::large_enum_variant,
    clippy::result_large_err
)]

extern crate alloc;
use alloc::collections::BTreeMap;
use alloc::string::String;
use alloc::vec::Vec;
pub mod double_option;
pub mod error;
mod extern_interface_check;
pub mod json_schema_gen;
pub mod json_value_ser;
pub mod serialization;

#[derive(Clone, Debug, serde::Deserialize, serde::Serialize, schemars::JsonSchema)]
pub enum DataEnum {
    U64(u64),
    Text(String),
}

impl DataEnum {
    pub fn new_uint(uint: u64) -> Self {
        Self::U64(uint)
    }

    pub fn new_text(text: String) -> Self {
        Self::Text(text)
    }
}

pub type MaybeColl = Option<NumsArr>;

pub type MaybeDenum = Option<DataEnum>;

pub type MaybeUint = Option<u64>;

#[derive(Clone, Debug, serde::Deserialize, serde::Serialize, schemars::JsonSchema)]
pub struct NullableCollField {
    pub c: MaybeColl,
}

impl NullableCollField {
    pub fn new(c: MaybeColl) -> Self {
        Self { c }
    }
}

pub type NullableCollMap = BTreeMap<u64, MaybeColl>;

#[derive(Clone, Debug, serde::Deserialize, serde::Serialize, schemars::JsonSchema)]
pub struct NullableDenumField {
    pub d: MaybeDenum,
}

impl NullableDenumField {
    pub fn new(d: MaybeDenum) -> Self {
        Self { d }
    }
}

pub type NullableMapValue = BTreeMap<u64, MaybeUint>;

#[derive(Clone, Debug, serde::Deserialize, serde::Serialize, schemars::JsonSchema)]
pub struct NullableOptionalField {
    pub pre: u64,
    #[serde(with = "crate::generated::double_option")]
    #[serde(default)]
    #[serde(skip_serializing_if = "Option::is_none")]
    #[schemars(with = "Option<MaybeUint>")]
    pub field0: Option<MaybeUint>,
}

impl NullableOptionalField {
    pub fn new(pre: u64) -> Self {
        Self { pre, field0: None }
    }
}

pub type NumsArr = Vec<u64>;
