---
source: src/tests/snapshot_tests.rs
expression: content
---
// This file was code-generated using an experimental CDDL to rust tool:
// https://github.com/dcSpark/cddl-codegen

use super::*;
use crate::generated::error::*;
use cbor_event::de::Deserializer;
use cbor_event::se::{Serialize, Serializer};
use std::io::{BufRead, Seek, SeekFrom, Write};

impl cbor_event::se::Serialize for DataEnum {
    fn serialize<'se, W: Write>(
        &self,
        serializer: &'se mut Serializer<W>,
    ) -> cbor_event::Result<&'se mut Serializer<W>> {
        match self {
            DataEnum::U64(uint) => serializer.write_unsigned_integer(*uint),
            DataEnum::Text(text) => serializer.write_text(&text),
        }
    }
}

impl Deserialize for DataEnum {
    fn deserialize<R: BufRead + Seek>(raw: &mut Deserializer<R>) -> Result<Self, DeserializeError> {
        (|| -> Result<_, DeserializeError> {
            match raw.cbor_type()? {
                cbor_event::Type::UnsignedInteger => {
                    Ok(DataEnum::U64(raw.unsigned_integer()? as u64))
                }
                cbor_event::Type::Text => Ok(DataEnum::Text(raw.text()? as String)),
                _ => Err(DeserializeError::new(
                    "DataEnum",
                    DeserializeFailure::NoVariantMatched,
                )),
            }
        })()
        .map_err(|e| e.annotate("DataEnum"))
    }
}

impl cbor_event::se::Serialize for NullableCollField {
    fn serialize<'se, W: Write>(
        &self,
        serializer: &'se mut Serializer<W>,
    ) -> cbor_event::Result<&'se mut Serializer<W>> {
        serializer.write_array(cbor_event::Len::Len(1))?;
        match &self.c {
            Some(x) => {
                serializer.write_array(cbor_event::Len::Len(x.len() as u64))?;
                for element in x.iter() {
                    serializer.write_unsigned_integer(*element)?;
                }
            }
            None => {
                serializer.write_special(cbor_event::Special::Null)?;
            }
        };
        Ok(serializer)
    }
}

impl Deserialize for NullableCollField {
    fn deserialize<R: BufRead + Seek>(raw: &mut Deserializer<R>) -> Result<Self, DeserializeError> {
        (|| -> Result<_, DeserializeError> {
            let len = raw.array()?;
            let mut read_len = CBORReadLen::from(len);
            read_len.read_elems(1)?;
            read_len.finish()?;
            let c = (|| -> Result<_, DeserializeError> {
                Ok(match raw.cbor_type()? != cbor_event::Type::Special {
                    true => {
                        let mut c_arr = Vec::new();
                        let len = raw.array()?;
                        while match len {
                            cbor_event::Len::Len(n) => (c_arr.len() as u64) < n,
                            cbor_event::Len::Indefinite => true,
                        } {
                            if let cbor_event::Len::Indefinite = len {
                                if raw.cbor_type()? == cbor_event::Type::Special
                                    && raw.special_break()?
                                {
                                    break;
                                }
                            }
                            c_arr.push(raw.unsigned_integer()? as u64);
                        }
                        Some(c_arr)
                    }
                    false => {
                        if raw.special()? != cbor_event::Special::Null {
                            return Err(DeserializeFailure::ExpectedNull.into());
                        }
                        None
                    }
                })
            })()
            .map_err(|e| e.annotate("c"))?;
            match len {
                cbor_event::Len::Len(_) => (),
                cbor_event::Len::Indefinite => match raw.special()? {
                    cbor_event::Special::Break => (),
                    _ => return Err(DeserializeFailure::EndingBreakMissing.into()),
                },
            }
            Ok(NullableCollField { c })
        })()
        .map_err(|e| e.annotate("NullableCollField"))
    }
}

impl cbor_event::se::Serialize for NullableDenumField {
    fn serialize<'se, W: Write>(
        &self,
        serializer: &'se mut Serializer<W>,
    ) -> cbor_event::Result<&'se mut Serializer<W>> {
        serializer.write_array(cbor_event::Len::Len(1))?;
        match &self.d {
            Some(x) => {
                x.serialize(serializer)?;
            }
            None => {
                serializer.write_special(cbor_event::Special::Null)?;
            }
        };
        Ok(serializer)
    }
}

impl Deserialize for NullableDenumField {
    fn deserialize<R: BufRead + Seek>(raw: &mut Deserializer<R>) -> Result<Self, DeserializeError> {
        (|| -> Result<_, DeserializeError> {
            let len = raw.array()?;
            let mut read_len = CBORReadLen::from(len);
            read_len.read_elems(1)?;
            read_len.finish()?;
            let d = (|| -> Result<_, DeserializeError> {
                Ok(match raw.cbor_type()? != cbor_event::Type::Special {
                    true => Some(DataEnum::deserialize(raw)?),
                    false => {
                        if raw.special()? != cbor_event::Special::Null {
                            return Err(DeserializeFailure::ExpectedNull.into());
                        }
                        None
                    }
                })
            })()
            .map_err(|e| e.annotate("d"))?;
            match len {
                cbor_event::Len::Len(_) => (),
                cbor_event::Len::Indefinite => match raw.special()? {
                    cbor_event::Special::Break => (),
                    _ => return Err(DeserializeFailure::EndingBreakMissing.into()),
                },
            }
            Ok(NullableDenumField { d })
        })()
        .map_err(|e| e.annotate("NullableDenumField"))
    }
}

impl cbor_event::se::Serialize for NullableOptionalField {
    fn serialize<'se, W: Write>(
        &self,
        serializer: &'se mut Serializer<W>,
    ) -> cbor_event::Result<&'se mut Serializer<W>> {
        serializer.write_array(cbor_event::Len::Len(
            1 + match &self.field0 {
                Some(x) => 1,
                None => 0,
            },
        ))?;
        serializer.write_unsigned_integer(self.pre)?;
        if let Some(field) = &self.field0 {
            match field {
                Some(x) => {
                    serializer.write_unsigned_integer(*x)?;
                }
                None => {
                    serializer.write_special(cbor_event::Special::Null)?;
                }
            };
        }
        Ok(serializer)
    }
}

impl Deserialize for NullableOptionalField {
    fn deserialize<R: BufRead + Seek>(raw: &mut Deserializer<R>) -> Result<Self, DeserializeError> {
        (|| -> Result<_, DeserializeError> {
            let len = raw.array()?;
            let mut read_len = CBORReadLen::from(len);
            read_len.read_elems(1)?;
            let pre = Ok(raw.unsigned_integer()? as u64)
                .map_err(|e: DeserializeError| e.annotate("pre"))?;
            let field0 = if raw
                .as_mut_ref()
                .fill_buf()
                .ok()
                .and_then(|buf| buf.get(0))
                .map(|byte: &u8| {
                    vec![cbor_event::Type::UnsignedInteger, cbor_event::Type::Special]
                        .contains(&cbor_event::Type::from(*byte))
                        && (*byte & 0b0001_1111) != 0x1f
                })
                .unwrap_or(false)
            {
                (|| -> Result<_, DeserializeError> {
                    Ok(match raw.cbor_type()? != cbor_event::Type::Special {
                        true => {
                            read_len.read_elems(1)?;
                            Some(raw.unsigned_integer()? as u64)
                        }
                        false => {
                            read_len.read_elems(1)?;
                            if raw.special()? != cbor_event::Special::Null {
                                return Err(DeserializeFailure::ExpectedNull.into());
                            }
                            None
                        }
                    })
                })()
                .map_err(|e| e.annotate("field0"))
                .map(Some)
            } else {
                Ok(None)
            }?;
            match len {
                cbor_event::Len::Len(_) => read_len.finish()?,
                cbor_event::Len::Indefinite => match raw.special()? {
                    cbor_event::Special::Break => read_len.finish()?,
                    _ => return Err(DeserializeFailure::EndingBreakMissing.into()),
                },
            }
            Ok(NullableOptionalField { pre, field0 })
        })()
        .map_err(|e| e.annotate("NullableOptionalField"))
    }
}
