---
source: src/tests/snapshot_tests.rs
expression: content
---
// This file was code-generated using an experimental CDDL to rust tool:
// https://github.com/dcSpark/cddl-codegen

#![allow(clippy::too_many_arguments)]

pub mod error;
pub mod ordered_hash_map;
extern crate derivative;
pub mod cbor_encodings;
pub mod serialization;

use crate::generated::error::*;
use crate::generated::ordered_hash_map::OrderedHashMap;
use crate::generated::serialization::StringEncoding;
use cbor_encodings::{
    NullableCollFieldEncoding, NullableDenumFieldEncoding, NullableOptionalFieldEncoding,
};

#[derive(Clone, Debug)]
pub enum DataEnum {
    U64 {
        uint: u64,
        uint_encoding: Option<cbor_event::Sz>,
    },
    Text {
        text: String,
        text_encoding: StringEncoding,
    },
}

impl DataEnum {
    pub fn new_uint(uint: u64) -> Self {
        Self::U64 {
            uint,
            uint_encoding: None,
        }
    }

    pub fn new_text(text: String) -> Self {
        Self::Text {
            text,
            text_encoding: StringEncoding::default(),
        }
    }
}

pub type MaybeColl = Option<NumsArr>;

pub type MaybeDenum = Option<DataEnum>;

pub type MaybeUint = Option<u64>;

#[derive(Clone, Debug)]
pub struct NullableCollField {
    pub c: MaybeColl,
    pub encodings: Option<NullableCollFieldEncoding>,
}

impl NullableCollField {
    pub fn new(c: MaybeColl) -> Self {
        Self { c, encodings: None }
    }
}

pub type NullableCollMap = OrderedHashMap<u64, MaybeColl>;

#[derive(Clone, Debug)]
pub struct NullableDenumField {
    pub d: MaybeDenum,
    pub encodings: Option<NullableDenumFieldEncoding>,
}

impl NullableDenumField {
    pub fn new(d: MaybeDenum) -> Self {
        Self { d, encodings: None }
    }
}

pub type NullableMapValue = OrderedHashMap<u64, MaybeUint>;

#[derive(Clone, Debug)]
pub struct NullableOptionalField {
    pub pre: u64,
    pub field0: Option<MaybeUint>,
    pub encodings: Option<NullableOptionalFieldEncoding>,
}

impl NullableOptionalField {
    pub fn new(pre: u64) -> Self {
        Self {
            pre,
            field0: None,
            encodings: None,
        }
    }
}

pub type NumsArr = Vec<u64>;
