---
source: src/snapshot_tests.rs
expression: content
---
// This file was code-generated using an experimental CDDL to rust tool:
// https://github.com/dcSpark/cddl-codegen

use crate::serialization::{LenEncoding, StringEncoding};
use std::collections::BTreeMap;

#[derive(Clone, Debug, Default)]
pub struct NullableOptionalFieldEncoding {
    pub len_encoding: LenEncoding,
    pub pre_encoding: Option<cbor_event::Sz>,
    pub field0_encoding: Option<cbor_event::Sz>,
}
