---
source: src/tests/snapshot_tests.rs
expression: content
---
// This file was code-generated using an experimental CDDL to rust tool:
// https://github.com/dcSpark/cddl-codegen

#![allow(
    clippy::too_many_arguments,
    clippy::large_enum_variant,
    clippy::result_large_err
)]

pub mod error;
mod extern_interface_check;
pub mod serialization;

use crate::generated::error::*;

#[derive(Clone, Debug, serde::Deserialize, serde::Serialize, schemars::JsonSchema)]
pub struct BoundedInts {
    pub u_8: u8,
    pub u_16: u16,
    pub u_32: u32,
    pub i_8: i8,
}

impl BoundedInts {
    pub fn new(u_8: u8, u_16: u16, u_32: u32, i_8: i8) -> Self {
        Self {
            u_8,
            u_16,
            u_32,
            i_8,
        }
    }
}
