---
source: src/tests/snapshot_tests.rs
expression: content
---
// This file was code-generated using an experimental CDDL to rust tool:
// https://github.com/dcSpark/cddl-codegen

use core::cell::RefCell;

wit_bindgen::generate!({
    path: "wit",
    world: "cddl-lib-world",
});

use exports::cddl::cddl_lib::types as wit_types;

struct Component;

impl wit_types::Guest for Component {
    type Holder = WitHolder;
    type OsetU64 = WitOsetU64;
}

export!(Component);

/// Every fallible door on this face reports through the rust crate's own error `Display`,
/// so a WIT `result<_, string>` carries the same text a native caller would see.
fn err<E: core::fmt::Display>(e: E) -> String {
    e.to_string()
}

pub struct WitHolder(pub RefCell<cddl_lib::Holder>);

impl wit_types::GuestHolder for WitHolder {
    fn new(g: wit_types::OsetU64Borrow<'_>) -> Self {
        let g = g.get::<WitOsetU64>().0.borrow().clone();
        let inner = cddl_lib::Holder::new(g);
        WitHolder(RefCell::new(inner))
    }

    fn g(&self) -> wit_types::OsetU64 {
        let me = self.0.borrow();
        wit_types::OsetU64::new(WitOsetU64(RefCell::new(me.g.clone())))
    }

    fn to_cbor_bytes(&self) -> Vec<u8> {
        <cddl_lib::Holder as cddl_lib::serialization::ToCBORBytes>::to_cbor_bytes(&self.0.borrow())
    }

    fn from_cbor_bytes(bytes: Vec<u8>) -> Result<wit_types::Holder, String> {
        <cddl_lib::Holder as cddl_lib::serialization::Deserialize>::from_cbor_bytes(&bytes)
            .map(|v| wit_types::Holder::new(WitHolder(RefCell::new(v))))
            .map_err(err)
    }
}

pub struct WitOsetU64(pub RefCell<cddl_lib::OsetU64>);

impl wit_types::GuestOsetU64 for WitOsetU64 {
    fn new(inner: Vec<u64>) -> Result<Self, String> {
        let inner = (inner.into_iter().collect::<Vec<_>>())
            .try_into()
            .map_err(err)?;
        let inner = cddl_lib::OsetU64::new(inner);
        Ok(WitOsetU64(RefCell::new(inner)))
    }

    fn to_cbor_bytes(&self) -> Vec<u8> {
        <cddl_lib::OsetU64 as cddl_lib::serialization::ToCBORBytes>::to_cbor_bytes(&self.0.borrow())
    }

    fn from_cbor_bytes(bytes: Vec<u8>) -> Result<wit_types::OsetU64, String> {
        <cddl_lib::OsetU64 as cddl_lib::serialization::Deserialize>::from_cbor_bytes(&bytes)
            .map(|v| wit_types::OsetU64::new(WitOsetU64(RefCell::new(v))))
            .map_err(err)
    }
}
