---
source: src/tests/snapshot_tests.rs
expression: content
---
// This file was code-generated using an experimental CDDL to rust tool:
// https://github.com/dcSpark/cddl-codegen

#![allow(clippy::too_many_arguments)]

pub mod error;
pub mod serialization;

use crate::generated::error::*;

#[derive(Clone, Debug, Copy)]
pub struct ProtocolMagic(pub(crate) u64);

impl ProtocolMagic {
    pub fn get(&self) -> u64 {
        self.0
    }

    pub fn new(inner: u64) -> Self {
        Self(inner)
    }
}

impl From<u64> for ProtocolMagic {
    fn from(inner: u64) -> Self {
        ProtocolMagic::new(inner)
    }
}

impl From<ProtocolMagic> for u64 {
    fn from(wrapper: ProtocolMagic) -> Self {
        wrapper.0
    }
}
