---
source: src/tests/snapshot_tests.rs
expression: content
---
// This file was code-generated using an experimental CDDL to rust tool:
// https://github.com/dcSpark/cddl-codegen

#![allow(
    clippy::len_without_is_empty,
    clippy::too_many_arguments,
    clippy::new_without_default
)]
pub mod collections;

use std::collections::BTreeMap;
use wasm_bindgen::prelude::{wasm_bindgen, JsError, JsValue};

#[derive(Clone, Debug)]
#[wasm_bindgen]
pub struct PositionalOptional(cddl_lib::PositionalOptional);

#[wasm_bindgen]
impl PositionalOptional {
    pub fn to_cbor_bytes(&self) -> Vec<u8> {
        cddl_lib::serialization::ToCBORBytes::to_cbor_bytes(&self.0)
    }

    pub fn from_cbor_bytes(cbor_bytes: &[u8]) -> Result<PositionalOptional, JsError> {
        cddl_lib::serialization::Deserialize::from_cbor_bytes(cbor_bytes)
            .map(Self)
            .map_err(|e| JsError::new(&format!("from_bytes: {}", e)))
    }

    pub fn to_json(&self) -> Result<String, JsError> {
        serde_json::to_string_pretty(&self.0).map_err(|e| JsError::new(&format!("to_json: {}", e)))
    }

    pub fn to_json_value(&self) -> Result<JsValue, JsError> {
        serde::Serialize::serialize(&self.0, &serde_wasm_bindgen::Serializer::json_compatible())
            .map_err(|e| JsError::new(&format!("to_js_value: {}", e)))
    }

    pub fn from_json(json: &str) -> Result<PositionalOptional, JsError> {
        serde_json::from_str(json)
            .map(Self)
            .map_err(|e| JsError::new(&format!("from_json: {}", e)))
    }

    pub fn uint(&self) -> Option<u64> {
        self.0.uint
    }

    pub fn new(uint: Option<u64>) -> Self {
        Self(cddl_lib::PositionalOptional::new(uint))
    }
}

impl From<cddl_lib::PositionalOptional> for PositionalOptional {
    fn from(native: cddl_lib::PositionalOptional) -> Self {
        Self(native)
    }
}

impl From<PositionalOptional> for cddl_lib::PositionalOptional {
    fn from(wasm: PositionalOptional) -> Self {
        wasm.0
    }
}

impl AsRef<cddl_lib::PositionalOptional> for PositionalOptional {
    fn as_ref(&self) -> &cddl_lib::PositionalOptional {
        &self.0
    }
}
