---
source: src/tests/snapshot_tests.rs
expression: content
---
// This file was code-generated using an experimental CDDL to rust tool:
// https://github.com/dcSpark/cddl-codegen

use super::*;
use crate::generated::error::*;
use cbor_event::de::Deserializer;
use cbor_event::se::{Serialize, Serializer};

impl cbor_event::se::Serialize for OptHolder {
    fn serialize<'se>(
        &self,
        serializer: &'se mut Serializer,
    ) -> cbor_event::Result<&'se mut Serializer> {
        serializer.write_array(cbor_event::Len::Len(
            1 + match &self.f {
                Some(x) => 1,
                None => 0,
            },
        ))?;
        serializer.write_unsigned_integer(self.x)?;
        if let Some(field) = &self.f {
            serializer.write_array(cbor_event::Len::Len(field.len() as u64))?;
            for element in field.iter() {
                serializer.write_unsigned_integer(*element)?;
            }
        }
        Ok(serializer)
    }
}

impl Deserialize for OptHolder {
    fn deserialize(raw: &mut Deserializer) -> Result<Self, DeserializeError> {
        (|| -> Result<_, DeserializeError> {
            let len = raw.array()?;
            let mut read_len = CBORReadLen::from(len);
            read_len.read_elems(1)?;
            let x = Ok(raw.unsigned_integer()?).map_err(|e: DeserializeError| e.annotate("x"))?;
            let f = if raw
                .cbor_type()
                .map(|ty| ty == cbor_event::Type::Array)
                .unwrap_or(false)
            {
                (|| -> Result<_, DeserializeError> {
                    read_len.read_elems(1)?;
                    let mut f_arr = Vec::new();
                    let len = raw.array()?;
                    while match len {
                        cbor_event::Len::Len(n) => (f_arr.len() as u64) < n,
                        cbor_event::Len::Indefinite => true,
                    } {
                        if matches!(len, cbor_event::Len::Indefinite)
                            && raw.cbor_type()? == cbor_event::Type::Special
                            && raw.special_break()?
                        {
                            break;
                        }
                        f_arr.push(raw.unsigned_integer()?);
                    }
                    Ok(f_arr)
                })()
                .map_err(|e| e.annotate("f"))
                .map(Some)
            } else {
                Ok(None)
            }?;
            match len {
                cbor_event::Len::Len(_) => read_len.finish()?,
                cbor_event::Len::Indefinite => match raw.special()? {
                    cbor_event::Special::Break => read_len.finish()?,
                    _ => return Err(DeserializeFailure::EndingBreakMissing.into()),
                },
            }
            Ok(OptHolder { x, f })
        })()
        .map_err(|e| e.annotate("OptHolder"))
    }
}
