---
source: src/tests/snapshot_tests.rs
expression: ir
---
{
    RustIdent(
        "Hash",
    ): RustStruct {
        ident: RustIdent(
            "Hash",
        ),
        tag: None,
        tag_optional: false,
        config: RustStructConfig {
            custom_json: false,
            custom_serialize: None,
            custom_deserialize: None,
            custom_encodings: None,
            doc: None,
            newtype_getter: None,
            duplicates: None,
            set_nominal: false,
        },
        variant: Wrapper {
            wrapped: RustType {
                conceptual_type: Primitive(
                    Bytes,
                ),
                encodings: [],
                config: RustTypeSerializeConfig {
                    default: None,
                    bounds: None,
                    duplicates: None,
                    float_bounds: None,
                    basic_override: false,
                },
            },
            min_max: Some(
                (
                    Some(
                        0,
                    ),
                    Some(
                        32,
                    ),
                ),
            ),
            float_min_max: None,
        },
    },
    RustIdent(
        "Int",
    ): RustStruct {
        ident: RustIdent(
            "Int",
        ),
        tag: None,
        tag_optional: false,
        config: RustStructConfig {
            custom_json: false,
            custom_serialize: None,
            custom_deserialize: None,
            custom_encodings: None,
            doc: None,
            newtype_getter: None,
            duplicates: None,
            set_nominal: false,
        },
        variant: Extern,
    },
}
