---
source: src/tests/snapshot_tests.rs
expression: content
---
// This file was code-generated using an experimental CDDL to rust tool:
// https://github.com/dcSpark/cddl-codegen

use super::*;
use crate::generated::error::*;
use cbor_event::de::Deserializer;
use cbor_event::se::{Serialize, Serializer};

impl cbor_event::se::Serialize for ExtFirst {
    fn serialize<'se>(
        &self,
        serializer: &'se mut Serializer,
    ) -> cbor_event::Result<&'se mut Serializer> {
        match self {
            ExtFirst::Text {
                text,
                text_encoding,
            } => serializer.write_text_sz(text, text_encoding.to_str_len_sz(text.len() as u64)),
            ExtFirst::U64 {
                uint,
                uint_encoding,
            } => serializer.write_unsigned_integer_sz(*uint, fit_sz(*uint, *uint_encoding)),
        }
    }
}

impl Deserialize for ExtFirst {
    fn deserialize(raw: &mut Deserializer) -> Result<Self, DeserializeError> {
        (|| -> Result<_, DeserializeError> {
            match raw.cbor_type()? {
                cbor_event::Type::Text => {
                    let (text, text_encoding) = raw
                        .text_sz()
                        .map(|(s, enc)| (s, StringEncoding::from(enc)))?;
                    Ok(Self::Text {
                        text,
                        text_encoding,
                    })
                }
                cbor_event::Type::UnsignedInteger => {
                    let (uint, uint_encoding) =
                        raw.unsigned_integer_sz().map(|(x, enc)| (x, Some(enc)))?;
                    Ok(Self::U64 {
                        uint,
                        uint_encoding,
                    })
                }
                _ => Err(DeserializeFailure::NoVariantMatched.into()),
            }
        })()
        .map_err(|e| e.annotate("ExtFirst"))
    }
}
