---
source: src/tests/snapshot_tests.rs
expression: content
---
// This file was code-generated using an experimental CDDL to rust tool:
// https://github.com/dcSpark/cddl-codegen

#![allow(clippy::too_many_arguments)]

pub mod error;
pub mod ordered_hash_map;
extern crate derivative;
pub mod cbor_encodings;
pub mod serialization;

use crate::generated::error::*;
use crate::generated::ordered_hash_map::OrderedHashMap;
use crate::generated::serialization::{LenEncoding, StringEncoding};
use cbor_encodings::HasBoolEncoding;
use std::collections::BTreeMap;
use std::convert::TryFrom;

#[derive(Clone, Debug)]
pub struct HasBool {
    pub flag: bool,
    pub encodings: Option<HasBoolEncoding>,
}

impl HasBool {
    pub fn new(flag: bool) -> Self {
        Self {
            flag,
            encodings: None,
        }
    }
}
