---
source: src/tests/snapshot_tests.rs
expression: content
---
// This file was code-generated using an experimental CDDL to rust tool:
// https://github.com/dcSpark/cddl-codegen

extern crate alloc;
use super::cbor_encodings::*;
use super::*;
use crate::generated::error::*;
use alloc::collections::BTreeMap;
use alloc::string::String;
use cbor_event::de::Deserializer;
use cbor_event::se::{Serialize, Serializer};

impl cbor_event::se::Serialize for EnumKeyHolder {
    fn serialize<'se>(
        &self,
        serializer: &'se mut Serializer,
    ) -> cbor_event::Result<&'se mut Serializer> {
        serializer.write_array_sz(
            self.encodings
                .as_ref()
                .map(|encs| encs.len_encoding)
                .unwrap_or_default()
                .to_len_sz(2),
        )?;
        serializer.write_map_sz(
            self.encodings
                .as_ref()
                .map(|encs| encs.choice_keyed_encoding)
                .unwrap_or_default()
                .to_len_sz(self.choice_keyed.len() as u64),
        )?;
        for (key, value) in self.choice_keyed.iter() {
            key.serialize(serializer)?;
            let choice_keyed_value_encoding = self
                .encodings
                .as_ref()
                .and_then(|encs| encs.choice_keyed_value_encodings.get(key))
                .cloned()
                .unwrap_or_default();
            serializer.write_text_sz(
                value,
                choice_keyed_value_encoding.to_str_len_sz(value.len() as u64),
            )?;
        }
        self.encodings
            .as_ref()
            .map(|encs| encs.choice_keyed_encoding)
            .unwrap_or_default()
            .end(serializer)?;
        serializer.write_map_sz(
            self.encodings
                .as_ref()
                .map(|encs| encs.int_keyed_encoding)
                .unwrap_or_default()
                .to_len_sz(self.int_keyed.len() as u64),
        )?;
        for (key, value) in self.int_keyed.iter() {
            key.serialize(serializer)?;
            let int_keyed_value_encoding = self
                .encodings
                .as_ref()
                .and_then(|encs| encs.int_keyed_value_encodings.get(key))
                .cloned()
                .unwrap_or_default();
            serializer.write_text_sz(
                value,
                int_keyed_value_encoding.to_str_len_sz(value.len() as u64),
            )?;
        }
        self.encodings
            .as_ref()
            .map(|encs| encs.int_keyed_encoding)
            .unwrap_or_default()
            .end(serializer)?;
        self.encodings
            .as_ref()
            .map(|encs| encs.len_encoding)
            .unwrap_or_default()
            .end(serializer)
    }
}

impl Deserialize for EnumKeyHolder {
    fn deserialize(raw: &mut Deserializer) -> Result<Self, DeserializeError> {
        (|| -> Result<_, DeserializeError> {
            let len = raw.array_sz()?;
            let len_encoding: LenEncoding = len.into();
            let mut read_len = CBORReadLen::new(len);
            read_len.read_elems(2)?;
            read_len.finish()?;
            let (choice_keyed, choice_keyed_encoding, choice_keyed_value_encodings) =
                (|| -> Result<_, DeserializeError> {
                    let mut choice_keyed_table = OrderedHashMap::new();
                    let choice_keyed_len = raw.map_sz()?;
                    let choice_keyed_encoding = choice_keyed_len.into();
                    let mut choice_keyed_value_encodings = BTreeMap::new();
                    while match choice_keyed_len {
                        cbor_event::LenSz::Len(n, _) => (choice_keyed_table.len() as u64) < n,
                        cbor_event::LenSz::Indefinite => true,
                    } {
                        if matches!(choice_keyed_len, cbor_event::LenSz::Indefinite)
                            && raw.cbor_type()? == cbor_event::Type::Special
                            && raw.special_break()?
                        {
                            break;
                        }
                        let choice_keyed_key = Ikey::deserialize(raw)?;
                        let (choice_keyed_value, choice_keyed_value_encoding) = raw
                            .text_sz()
                            .map(|(s, enc)| (s, StringEncoding::from(enc)))?;
                        if choice_keyed_table
                            .insert(choice_keyed_key.clone(), choice_keyed_value)
                            .is_some()
                        {
                            return Err(DeserializeFailure::DuplicateKey(Key::Str(String::from(
                                "some complicated/unsupported type",
                            )))
                            .into());
                        }
                        choice_keyed_value_encodings
                            .insert(choice_keyed_key.clone(), choice_keyed_value_encoding);
                    }
                    Ok((
                        choice_keyed_table,
                        choice_keyed_encoding,
                        choice_keyed_value_encodings,
                    ))
                })()
                .map_err(|e| e.annotate("choice_keyed"))?;
            let (int_keyed, int_keyed_encoding, int_keyed_value_encodings) =
                (|| -> Result<_, DeserializeError> {
                    let mut int_keyed_table = OrderedHashMap::new();
                    let int_keyed_len = raw.map_sz()?;
                    let int_keyed_encoding = int_keyed_len.into();
                    let mut int_keyed_value_encodings = BTreeMap::new();
                    while match int_keyed_len {
                        cbor_event::LenSz::Len(n, _) => (int_keyed_table.len() as u64) < n,
                        cbor_event::LenSz::Indefinite => true,
                    } {
                        if matches!(int_keyed_len, cbor_event::LenSz::Indefinite)
                            && raw.cbor_type()? == cbor_event::Type::Special
                            && raw.special_break()?
                        {
                            break;
                        }
                        let int_keyed_key = Int::deserialize(raw)?;
                        let (int_keyed_value, int_keyed_value_encoding) = raw
                            .text_sz()
                            .map(|(s, enc)| (s, StringEncoding::from(enc)))?;
                        if int_keyed_table
                            .insert(int_keyed_key.clone(), int_keyed_value)
                            .is_some()
                        {
                            return Err(DeserializeFailure::DuplicateKey(Key::Str(String::from(
                                "some complicated/unsupported type",
                            )))
                            .into());
                        }
                        int_keyed_value_encodings
                            .insert(int_keyed_key.clone(), int_keyed_value_encoding);
                    }
                    Ok((
                        int_keyed_table,
                        int_keyed_encoding,
                        int_keyed_value_encodings,
                    ))
                })()
                .map_err(|e| e.annotate("int_keyed"))?;
            match len {
                cbor_event::LenSz::Len(_, _) => (),
                cbor_event::LenSz::Indefinite => match raw.special()? {
                    cbor_event::Special::Break => (),
                    _ => return Err(DeserializeFailure::EndingBreakMissing.into()),
                },
            }
            Ok(EnumKeyHolder {
                choice_keyed,
                int_keyed,
                encodings: Some(EnumKeyHolderEncoding {
                    len_encoding,
                    choice_keyed_encoding,
                    choice_keyed_value_encodings,
                    int_keyed_encoding,
                    int_keyed_value_encodings,
                }),
            })
        })()
        .map_err(|e| e.annotate("EnumKeyHolder"))
    }
}

impl cbor_event::se::Serialize for Ikey {
    fn serialize<'se>(
        &self,
        serializer: &'se mut Serializer,
    ) -> cbor_event::Result<&'se mut Serializer> {
        match self {
            Ikey::U64 {
                uint,
                uint_encoding,
            } => serializer.write_unsigned_integer_sz(*uint, fit_sz(*uint, *uint_encoding)),
            Ikey::N64 { n64, n64_encoding } => serializer
                .write_negative_integer_sz(-(*n64 as i128 + 1), fit_sz(*n64, *n64_encoding)),
        }
    }
}

impl Deserialize for Ikey {
    fn deserialize(raw: &mut Deserializer) -> Result<Self, DeserializeError> {
        (|| -> Result<_, DeserializeError> {
            match raw.cbor_type()? {
                cbor_event::Type::UnsignedInteger => {
                    let (uint, uint_encoding) =
                        raw.unsigned_integer_sz().map(|(x, enc)| (x, Some(enc)))?;
                    Ok(Self::U64 {
                        uint,
                        uint_encoding,
                    })
                }
                cbor_event::Type::NegativeInteger => {
                    let (n64, n64_encoding) = raw
                        .negative_integer_sz()
                        .map(|(x, enc)| ((x + 1).unsigned_abs() as u64, Some(enc)))?;
                    Ok(Self::N64 { n64, n64_encoding })
                }
                _ => Err(DeserializeFailure::NoVariantMatched.into()),
            }
        })()
        .map_err(|e| e.annotate("Ikey"))
    }
}

impl cbor_event::se::Serialize for Int {
    fn serialize<'se>(
        &self,
        serializer: &'se mut Serializer,
    ) -> cbor_event::Result<&'se mut Serializer> {
        match self {
            Self::Uint { value, encoding } => {
                serializer.write_unsigned_integer_sz(*value, fit_sz(*value, *encoding))
            }
            Self::Nint { value, encoding } => serializer
                .write_negative_integer_sz(-((*value as i128) + 1), fit_sz(*value, *encoding)),
        }
    }
}

impl Deserialize for Int {
    fn deserialize(raw: &mut Deserializer) -> Result<Self, DeserializeError> {
        (|| -> Result<_, DeserializeError> {
            match raw.cbor_type()? {
                cbor_event::Type::UnsignedInteger => raw
                    .unsigned_integer_sz()
                    .map(|(x, enc)| Self::Uint {
                        value: x,
                        encoding: Some(enc),
                    })
                    .map_err(core::convert::Into::into),
                cbor_event::Type::NegativeInteger => raw
                    .negative_integer_sz()
                    .map(|(x, enc)| Self::Nint {
                        value: (-1 - x) as u64,
                        encoding: Some(enc),
                    })
                    .map_err(core::convert::Into::into),
                _ => Err(DeserializeFailure::NoVariantMatched.into()),
            }
        })()
        .map_err(|e| e.annotate("Int"))
    }
}
