---
source: src/tests/snapshot_tests.rs
expression: content
---
// This file was code-generated using an experimental CDDL to rust tool:
// https://github.com/dcSpark/cddl-codegen

extern crate alloc;
use alloc::string::String;
use alloc::vec::Vec;
use super::*;
use crate::generated::error::*;
use cbor_event::de::Deserializer;
use cbor_event::se::{Serialize, Serializer};

impl cbor_event::se::Serialize for ArrBoolArm {
    fn serialize<'se>(
        &self,
        serializer: &'se mut Serializer,
    ) -> cbor_event::Result<&'se mut Serializer> {
        match self {
            ArrBoolArm::Flag { len_encoding } => {
                serializer.write_array_sz(len_encoding.to_len_sz(1))?;
                serializer.write_special(cbor_event::Special::Bool(true))?;
                len_encoding.end(serializer)?;
                Ok(serializer)
            }
            ArrBoolArm::Label {
                label,
                label_encoding,
                len_encoding,
            } => {
                serializer.write_array_sz(len_encoding.to_len_sz(1))?;
                serializer
                    .write_text_sz(label, label_encoding.to_str_len_sz(label.len() as u64))?;
                len_encoding.end(serializer)?;
                Ok(serializer)
            }
        }
    }
}

impl Deserialize for ArrBoolArm {
    fn deserialize(raw: &mut Deserializer) -> Result<Self, DeserializeError> {
        (|| -> Result<_, DeserializeError> {
            let len = raw.array_sz()?;
            let len_encoding: LenEncoding = len.into();
            match raw.cbor_type()? {
                cbor_event::Type::Special => {
                    let mut read_len = CBORReadLen::new(len);
                    read_len.read_elems(1)?;
                    read_len.finish()?;
                    let flag_value = raw.bool()?;
                    if flag_value != true {
                        return Err(DeserializeFailure::FixedValueMismatch {
                            found: Key::Bool(flag_value),
                            expected: Key::Bool(true),
                        }
                        .into());
                    }
                    ();
                    match len {
                        cbor_event::LenSz::Len(_, _) => (),
                        cbor_event::LenSz::Indefinite => match raw.special()? {
                            cbor_event::Special::Break => (),
                            _ => return Err(DeserializeFailure::EndingBreakMissing.into()),
                        },
                    }
                    Ok(Self::Flag { len_encoding })
                }
                cbor_event::Type::Text => {
                    let mut read_len = CBORReadLen::new(len);
                    read_len.read_elems(1)?;
                    read_len.finish()?;
                    let (label, label_encoding) = raw
                        .text_sz()
                        .map(|(s, enc)| (s, StringEncoding::from(enc)))?;
                    match len {
                        cbor_event::LenSz::Len(_, _) => (),
                        cbor_event::LenSz::Indefinite => match raw.special()? {
                            cbor_event::Special::Break => (),
                            _ => return Err(DeserializeFailure::EndingBreakMissing.into()),
                        },
                    }
                    Ok(Self::Label {
                        label,
                        label_encoding,
                        len_encoding,
                    })
                }
                _ => Err(DeserializeFailure::NoVariantMatched.into()),
            }
        })()
        .map_err(|e| e.annotate("ArrBoolArm"))
    }
}

impl cbor_event::se::Serialize for ArrNullArm {
    fn serialize<'se>(
        &self,
        serializer: &'se mut Serializer,
    ) -> cbor_event::Result<&'se mut Serializer> {
        match self {
            ArrNullArm::Absent { len_encoding } => {
                serializer.write_array_sz(len_encoding.to_len_sz(1))?;
                serializer.write_special(cbor_event::Special::Null)?;
                len_encoding.end(serializer)?;
                Ok(serializer)
            }
            ArrNullArm::Label {
                label,
                label_encoding,
                len_encoding,
            } => {
                serializer.write_array_sz(len_encoding.to_len_sz(1))?;
                serializer
                    .write_text_sz(label, label_encoding.to_str_len_sz(label.len() as u64))?;
                len_encoding.end(serializer)?;
                Ok(serializer)
            }
        }
    }
}

impl Deserialize for ArrNullArm {
    fn deserialize(raw: &mut Deserializer) -> Result<Self, DeserializeError> {
        (|| -> Result<_, DeserializeError> {
            let len = raw.array_sz()?;
            let len_encoding: LenEncoding = len.into();
            match raw.cbor_type()? {
                cbor_event::Type::Special => {
                    let mut read_len = CBORReadLen::new(len);
                    read_len.read_elems(1)?;
                    read_len.finish()?;
                    if raw.special()? != cbor_event::Special::Null {
                        return Err(DeserializeFailure::ExpectedNull.into());
                    }
                    ();
                    match len {
                        cbor_event::LenSz::Len(_, _) => (),
                        cbor_event::LenSz::Indefinite => match raw.special()? {
                            cbor_event::Special::Break => (),
                            _ => return Err(DeserializeFailure::EndingBreakMissing.into()),
                        },
                    }
                    Ok(Self::Absent { len_encoding })
                }
                cbor_event::Type::Text => {
                    let mut read_len = CBORReadLen::new(len);
                    read_len.read_elems(1)?;
                    read_len.finish()?;
                    let (label, label_encoding) = raw
                        .text_sz()
                        .map(|(s, enc)| (s, StringEncoding::from(enc)))?;
                    match len {
                        cbor_event::LenSz::Len(_, _) => (),
                        cbor_event::LenSz::Indefinite => match raw.special()? {
                            cbor_event::Special::Break => (),
                            _ => return Err(DeserializeFailure::EndingBreakMissing.into()),
                        },
                    }
                    Ok(Self::Label {
                        label,
                        label_encoding,
                        len_encoding,
                    })
                }
                _ => Err(DeserializeFailure::NoVariantMatched.into()),
            }
        })()
        .map_err(|e| e.annotate("ArrNullArm"))
    }
}

impl cbor_event::se::Serialize for MapBoolArm {
    fn serialize<'se>(
        &self,
        serializer: &'se mut Serializer,
    ) -> cbor_event::Result<&'se mut Serializer> {
        match self {
            MapBoolArm::Flag {
                flag_key_encoding,
                len_encoding,
            } => {
                serializer.write_map_sz(len_encoding.to_len_sz(1))?;
                serializer
                    .write_text_sz("flag", flag_key_encoding.to_str_len_sz("flag".len() as u64))?;
                serializer.write_special(cbor_event::Special::Bool(true))?;
                len_encoding.end(serializer)?;
                Ok(serializer)
            }
            MapBoolArm::Label {
                label,
                label_encoding,
                label_key_encoding,
                len_encoding,
            } => {
                serializer.write_map_sz(len_encoding.to_len_sz(1))?;
                serializer.write_text_sz(
                    "label",
                    label_key_encoding.to_str_len_sz("label".len() as u64),
                )?;
                serializer
                    .write_text_sz(label, label_encoding.to_str_len_sz(label.len() as u64))?;
                len_encoding.end(serializer)?;
                Ok(serializer)
            }
        }
    }
}

impl Deserialize for MapBoolArm {
    fn deserialize(raw: &mut Deserializer) -> Result<Self, DeserializeError> {
        (|| -> Result<_, DeserializeError> {
            let len = raw.map_sz()?;
            let len_encoding: LenEncoding = len.into();
            let initial_position = raw.position();
            let mut errs = Vec::new();
            let variant_deser = (|raw: &mut Deserializer| -> Result<_, DeserializeError> {
                let mut read_len = CBORReadLen::new(len);
                read_len.read_elems(1)?;
                read_len.finish()?;
                let (flag_key, flag_key_encoding) = raw.text_sz()?;
                if flag_key != "flag" {
                    return Err(DeserializeFailure::FixedValueMismatch {
                        found: Key::Str(flag_key),
                        expected: Key::Str(String::from("flag")),
                    }
                    .into());
                }
                let flag_key_encoding = StringEncoding::from(flag_key_encoding);
                let flag_value = raw.bool()?;
                if flag_value != true {
                    return Err(DeserializeFailure::FixedValueMismatch {
                        found: Key::Bool(flag_value),
                        expected: Key::Bool(true),
                    }
                    .into());
                }
                ();
                match len {
                    cbor_event::LenSz::Len(_, _) => (),
                    cbor_event::LenSz::Indefinite => match raw.special()? {
                        cbor_event::Special::Break => (),
                        _ => return Err(DeserializeFailure::EndingBreakMissing.into()),
                    },
                }
                Ok(Self::Flag {
                    flag_key_encoding,
                    len_encoding,
                })
            })(raw);
            match variant_deser {
                Ok(variant) => return Ok(variant),
                Err(e) => {
                    errs.push(e.annotate("Flag"));
                    raw.set_position(initial_position).unwrap();
                }
            };
            let variant_deser = (|raw: &mut Deserializer| -> Result<_, DeserializeError> {
                let mut read_len = CBORReadLen::new(len);
                read_len.read_elems(1)?;
                read_len.finish()?;
                let (label_key, label_key_encoding) = raw.text_sz()?;
                if label_key != "label" {
                    return Err(DeserializeFailure::FixedValueMismatch {
                        found: Key::Str(label_key),
                        expected: Key::Str(String::from("label")),
                    }
                    .into());
                }
                let label_key_encoding = StringEncoding::from(label_key_encoding);
                let (label, label_encoding) = raw
                    .text_sz()
                    .map(|(s, enc)| (s, StringEncoding::from(enc)))?;
                match len {
                    cbor_event::LenSz::Len(_, _) => (),
                    cbor_event::LenSz::Indefinite => match raw.special()? {
                        cbor_event::Special::Break => (),
                        _ => return Err(DeserializeFailure::EndingBreakMissing.into()),
                    },
                }
                Ok(Self::Label {
                    label,
                    label_encoding,
                    label_key_encoding,
                    len_encoding,
                })
            })(raw);
            match variant_deser {
                Ok(variant) => return Ok(variant),
                Err(e) => {
                    errs.push(e.annotate("Label"));
                    raw.set_position(initial_position).unwrap();
                }
            };
            Err(DeserializeFailure::NoVariantMatchedWithCauses(errs).into())
        })()
        .map_err(|e| e.annotate("MapBoolArm"))
    }
}

impl cbor_event::se::Serialize for MapNullArm {
    fn serialize<'se>(
        &self,
        serializer: &'se mut Serializer,
    ) -> cbor_event::Result<&'se mut Serializer> {
        match self {
            MapNullArm::Absent {
                absent_key_encoding,
                len_encoding,
            } => {
                serializer.write_map_sz(len_encoding.to_len_sz(1))?;
                serializer.write_text_sz(
                    "absent",
                    absent_key_encoding.to_str_len_sz("absent".len() as u64),
                )?;
                serializer.write_special(cbor_event::Special::Null)?;
                len_encoding.end(serializer)?;
                Ok(serializer)
            }
            MapNullArm::Label {
                label,
                label_encoding,
                label_key_encoding,
                len_encoding,
            } => {
                serializer.write_map_sz(len_encoding.to_len_sz(1))?;
                serializer.write_text_sz(
                    "label",
                    label_key_encoding.to_str_len_sz("label".len() as u64),
                )?;
                serializer
                    .write_text_sz(label, label_encoding.to_str_len_sz(label.len() as u64))?;
                len_encoding.end(serializer)?;
                Ok(serializer)
            }
        }
    }
}

impl Deserialize for MapNullArm {
    fn deserialize(raw: &mut Deserializer) -> Result<Self, DeserializeError> {
        (|| -> Result<_, DeserializeError> {
            let len = raw.map_sz()?;
            let len_encoding: LenEncoding = len.into();
            let initial_position = raw.position();
            let mut errs = Vec::new();
            let variant_deser = (|raw: &mut Deserializer| -> Result<_, DeserializeError> {
                let mut read_len = CBORReadLen::new(len);
                read_len.read_elems(1)?;
                read_len.finish()?;
                let (absent_key, absent_key_encoding) = raw.text_sz()?;
                if absent_key != "absent" {
                    return Err(DeserializeFailure::FixedValueMismatch {
                        found: Key::Str(absent_key),
                        expected: Key::Str(String::from("absent")),
                    }
                    .into());
                }
                let absent_key_encoding = StringEncoding::from(absent_key_encoding);
                if raw.special()? != cbor_event::Special::Null {
                    return Err(DeserializeFailure::ExpectedNull.into());
                }
                ();
                match len {
                    cbor_event::LenSz::Len(_, _) => (),
                    cbor_event::LenSz::Indefinite => match raw.special()? {
                        cbor_event::Special::Break => (),
                        _ => return Err(DeserializeFailure::EndingBreakMissing.into()),
                    },
                }
                Ok(Self::Absent {
                    absent_key_encoding,
                    len_encoding,
                })
            })(raw);
            match variant_deser {
                Ok(variant) => return Ok(variant),
                Err(e) => {
                    errs.push(e.annotate("Absent"));
                    raw.set_position(initial_position).unwrap();
                }
            };
            let variant_deser = (|raw: &mut Deserializer| -> Result<_, DeserializeError> {
                let mut read_len = CBORReadLen::new(len);
                read_len.read_elems(1)?;
                read_len.finish()?;
                let (label_key, label_key_encoding) = raw.text_sz()?;
                if label_key != "label" {
                    return Err(DeserializeFailure::FixedValueMismatch {
                        found: Key::Str(label_key),
                        expected: Key::Str(String::from("label")),
                    }
                    .into());
                }
                let label_key_encoding = StringEncoding::from(label_key_encoding);
                let (label, label_encoding) = raw
                    .text_sz()
                    .map(|(s, enc)| (s, StringEncoding::from(enc)))?;
                match len {
                    cbor_event::LenSz::Len(_, _) => (),
                    cbor_event::LenSz::Indefinite => match raw.special()? {
                        cbor_event::Special::Break => (),
                        _ => return Err(DeserializeFailure::EndingBreakMissing.into()),
                    },
                }
                Ok(Self::Label {
                    label,
                    label_encoding,
                    label_key_encoding,
                    len_encoding,
                })
            })(raw);
            match variant_deser {
                Ok(variant) => return Ok(variant),
                Err(e) => {
                    errs.push(e.annotate("Label"));
                    raw.set_position(initial_position).unwrap();
                }
            };
            Err(DeserializeFailure::NoVariantMatchedWithCauses(errs).into())
        })()
        .map_err(|e| e.annotate("MapNullArm"))
    }
}

impl cbor_event::se::Serialize for TypeChoiceBool {
    fn serialize<'se>(
        &self,
        serializer: &'se mut Serializer,
    ) -> cbor_event::Result<&'se mut Serializer> {
        match self {
            TypeChoiceBool::True => serializer.write_special(cbor_event::Special::Bool(true)),
            TypeChoiceBool::Text {
                text,
                text_encoding,
            } => serializer.write_text_sz(text, text_encoding.to_str_len_sz(text.len() as u64)),
        }
    }
}

impl Deserialize for TypeChoiceBool {
    fn deserialize(raw: &mut Deserializer) -> Result<Self, DeserializeError> {
        (|| -> Result<_, DeserializeError> {
            match raw.cbor_type()? {
                cbor_event::Type::Special => {
                    let true_value = raw.bool()?;
                    if true_value != true {
                        return Err(DeserializeFailure::FixedValueMismatch {
                            found: Key::Bool(true_value),
                            expected: Key::Bool(true),
                        }
                        .into());
                    }
                    ();
                    Ok(TypeChoiceBool::True)
                }
                cbor_event::Type::Text => {
                    let (text, text_encoding) = raw
                        .text_sz()
                        .map(|(s, enc)| (s, StringEncoding::from(enc)))?;
                    Ok(Self::Text {
                        text,
                        text_encoding,
                    })
                }
                _ => Err(DeserializeFailure::NoVariantMatched.into()),
            }
        })()
        .map_err(|e| e.annotate("TypeChoiceBool"))
    }
}
