---
source: src/tests/snapshot_tests.rs
expression: content
---
// This file was code-generated using an experimental CDDL to rust tool:
// https://github.com/dcSpark/cddl-codegen

package cddl:cddl-lib@0.1.0;

interface types {
  resource pair-use {
    constructor(k: u64, v: string);
    k: func() -> u64;
    v: func() -> string;
    to-cbor-bytes: func() -> list<u8>;
    from-cbor-bytes: static func(bytes: list<u8>) -> result<pair-use, string>;
  }
  resource ranged-container {
    constructor(value: u64) -> result<ranged-container, string>;
    value: func() -> u64;
    to-cbor-bytes: func() -> list<u8>;
    from-cbor-bytes: static func(bytes: list<u8>) -> result<ranged-container, string>;
  }
  resource uint-container {
    constructor(value: u64);
    value: func() -> u64;
    to-cbor-bytes: func() -> list<u8>;
    from-cbor-bytes: static func(bytes: list<u8>) -> result<uint-container, string>;
  }
}

world cddl-lib-world {
  export types;
}
