---
source: src/tests/snapshot_tests.rs
expression: ir
---
{
    RustIdent(
        "Int",
    ): RustStruct {
        ident: RustIdent(
            "Int",
        ),
        tag: None,
        tag_optional: false,
        config: RustStructConfig {
            custom_json: false,
            custom_serialize: None,
            custom_deserialize: None,
            doc: None,
            newtype_getter: None,
            duplicates: None,
            set_nominal: false,
        },
        variant: Extern,
    },
    RustIdent(
        "Primitives",
    ): RustStruct {
        ident: RustIdent(
            "Primitives",
        ),
        tag: None,
        tag_optional: false,
        config: RustStructConfig {
            custom_json: false,
            custom_serialize: None,
            custom_deserialize: None,
            doc: None,
            newtype_getter: None,
            duplicates: None,
            set_nominal: false,
        },
        variant: Record(
            RustRecord {
                rep: Array,
                fields: [
                    RustField {
                        name: "a",
                        rust_type: RustType {
                            conceptual_type: Primitive(
                                U64,
                            ),
                            encodings: [],
                            config: RustTypeSerializeConfig {
                                default: None,
                                bounds: None,
                                duplicates: None,
                                float_bounds: None,
                                basic_override: false,
                            },
                        },
                        optional: false,
                        key: None,
                        rule_metadata: RuleMetadata {
                            name: None,
                            rust_name: None,
                            newtype: None,
                            no_alias: false,
                            key_demand: None,
                            used_as_elem: false,
                            copy: false,
                            raw_bytes_flavor: false,
                            duplicates: None,
                            custom_json: false,
                            custom_serialize: None,
                            custom_deserialize: None,
                            comment: None,
                        },
                    },
                    RustField {
                        name: "b",
                        rust_type: RustType {
                            conceptual_type: Primitive(
                                N64,
                            ),
                            encodings: [],
                            config: RustTypeSerializeConfig {
                                default: None,
                                bounds: None,
                                duplicates: None,
                                float_bounds: None,
                                basic_override: false,
                            },
                        },
                        optional: false,
                        key: None,
                        rule_metadata: RuleMetadata {
                            name: None,
                            rust_name: None,
                            newtype: None,
                            no_alias: false,
                            key_demand: None,
                            used_as_elem: false,
                            copy: false,
                            raw_bytes_flavor: false,
                            duplicates: None,
                            custom_json: false,
                            custom_serialize: None,
                            custom_deserialize: None,
                            comment: None,
                        },
                    },
                    RustField {
                        name: "c",
                        rust_type: RustType {
                            conceptual_type: Rust(
                                RustIdent(
                                    "Int",
                                ),
                            ),
                            encodings: [],
                            config: RustTypeSerializeConfig {
                                default: None,
                                bounds: None,
                                duplicates: None,
                                float_bounds: None,
                                basic_override: false,
                            },
                        },
                        optional: false,
                        key: None,
                        rule_metadata: RuleMetadata {
                            name: None,
                            rust_name: None,
                            newtype: None,
                            no_alias: false,
                            key_demand: None,
                            used_as_elem: false,
                            copy: false,
                            raw_bytes_flavor: false,
                            duplicates: None,
                            custom_json: false,
                            custom_serialize: None,
                            custom_deserialize: None,
                            comment: None,
                        },
                    },
                    RustField {
                        name: "d",
                        rust_type: RustType {
                            conceptual_type: Primitive(
                                Str,
                            ),
                            encodings: [],
                            config: RustTypeSerializeConfig {
                                default: None,
                                bounds: None,
                                duplicates: None,
                                float_bounds: None,
                                basic_override: false,
                            },
                        },
                        optional: false,
                        key: None,
                        rule_metadata: RuleMetadata {
                            name: None,
                            rust_name: None,
                            newtype: None,
                            no_alias: false,
                            key_demand: None,
                            used_as_elem: false,
                            copy: false,
                            raw_bytes_flavor: false,
                            duplicates: None,
                            custom_json: false,
                            custom_serialize: None,
                            custom_deserialize: None,
                            comment: None,
                        },
                    },
                    RustField {
                        name: "e",
                        rust_type: RustType {
                            conceptual_type: Primitive(
                                Bytes,
                            ),
                            encodings: [],
                            config: RustTypeSerializeConfig {
                                default: None,
                                bounds: None,
                                duplicates: None,
                                float_bounds: None,
                                basic_override: false,
                            },
                        },
                        optional: false,
                        key: None,
                        rule_metadata: RuleMetadata {
                            name: None,
                            rust_name: None,
                            newtype: None,
                            no_alias: false,
                            key_demand: None,
                            used_as_elem: false,
                            copy: false,
                            raw_bytes_flavor: false,
                            duplicates: None,
                            custom_json: false,
                            custom_serialize: None,
                            custom_deserialize: None,
                            comment: None,
                        },
                    },
                ],
            },
        ),
    },
}
