---
source: src/tests/snapshot_tests.rs
expression: content
---
// This file was code-generated using an experimental CDDL to rust tool:
// https://github.com/dcSpark/cddl-codegen

#![allow(clippy::too_many_arguments)]

pub mod error;
pub mod ordered_hash_map;
extern crate derivative;
pub mod cbor_encodings;
pub mod serialization;

use crate::generated::error::*;
use crate::generated::serialization::{LenEncoding, StringEncoding};
use cbor_encodings::InlineGroupEncoding;
use std::convert::TryFrom;

#[derive(Clone, Debug)]
pub struct InlineGroup {
    pub index_0: u64,
    pub index_1: String,
    pub encodings: Option<InlineGroupEncoding>,
}

impl InlineGroup {
    pub fn new(index_0: u64, index_1: String) -> Self {
        Self {
            index_0,
            index_1,
            encodings: None,
        }
    }
}
