---
source: src/tests/snapshot_tests.rs
expression: content
---
// This file was code-generated using an experimental CDDL to rust tool:
// https://github.com/dcSpark/cddl-codegen

#![allow(clippy::too_many_arguments)]

pub mod error;
pub mod ordered_hash_map;
extern crate derivative;
pub mod cbor_encodings;
mod key_demand_assertions;
pub mod serialization;

use crate::generated::error::*;
use cbor_encodings::KeyedEncoding;

#[derive(Clone, Debug, derivative::Derivative)]
#[derivative(Eq, PartialEq, Ord, PartialOrd)]
pub struct Keyed {
    pub a: u64,
    pub b: String,
    #[derivative(PartialEq = "ignore", Ord = "ignore", PartialOrd = "ignore")]
    pub encodings: Option<KeyedEncoding>,
}

impl Keyed {
    pub fn new(a: u64, b: String) -> Self {
        Self {
            a,
            b,
            encodings: None,
        }
    }
}
