---
source: src/tests/snapshot_tests.rs
expression: content
---
// This file was code-generated using an experimental CDDL to rust tool:
// https://github.com/dcSpark/cddl-codegen

use super::*;
use cbor_event::de::Deserializer;
use cbor_event::se::{Serialize, Serializer};

impl cbor_event::se::Serialize for OptionalOverlapArray {
    fn serialize<'se>(
        &self,
        serializer: &'se mut Serializer,
    ) -> cbor_event::Result<&'se mut Serializer> {
        serializer.write_array(cbor_event::Len::Len(
            1 + match &self.a {
                Some(_) => 1,
                None => 0,
            },
        ))?;
        if let Some(field) = &self.a {
            serializer.write_unsigned_integer(*field)?;
        }
        serializer.write_unsigned_integer(self.b)?;
        Ok(serializer)
    }
}
