---
source: src/tests/snapshot_tests.rs
expression: content
---
// This file was code-generated using an experimental CDDL to rust tool:
// https://github.com/dcSpark/cddl-codegen

#![allow(
    clippy::len_without_is_empty,
    clippy::too_many_arguments,
    clippy::new_without_default
)]

use std::collections::BTreeMap;
use wasm_bindgen::prelude::{wasm_bindgen, JsError};

#[derive(Clone, Debug)]
#[wasm_bindgen]
pub struct Inner(cddl_lib::Inner);

#[wasm_bindgen]
impl Inner {
    pub fn to_cbor_bytes(&self) -> Vec<u8> {
        cddl_lib::serialization::ToCBORBytes::to_cbor_bytes(&self.0)
    }

    pub fn from_cbor_bytes(cbor_bytes: &[u8]) -> Result<Inner, JsError> {
        cddl_lib::serialization::Deserialize::from_cbor_bytes(cbor_bytes)
            .map(Self)
            .map_err(|e| JsError::new(&format!("from_bytes: {}", e)))
    }

    pub fn a(&self) -> u64 {
        self.0.a
    }

    pub fn b(&self) -> u64 {
        self.0.b
    }

    pub fn new(a: u64, b: u64) -> Self {
        Self(cddl_lib::Inner::new(a, b))
    }
}

impl From<cddl_lib::Inner> for Inner {
    fn from(native: cddl_lib::Inner) -> Self {
        Self(native)
    }
}

impl From<Inner> for cddl_lib::Inner {
    fn from(wasm: Inner) -> Self {
        wasm.0
    }
}

impl AsRef<cddl_lib::Inner> for Inner {
    fn as_ref(&self) -> &cddl_lib::Inner {
        &self.0
    }
}

#[derive(Clone, Debug)]
#[wasm_bindgen]
pub struct Outer(cddl_lib::Outer);

#[wasm_bindgen]
impl Outer {
    pub fn to_cbor_bytes(&self) -> Vec<u8> {
        cddl_lib::serialization::ToCBORBytes::to_cbor_bytes(&self.0)
    }

    pub fn from_cbor_bytes(cbor_bytes: &[u8]) -> Result<Outer, JsError> {
        cddl_lib::serialization::Deserialize::from_cbor_bytes(cbor_bytes)
            .map(Self)
            .map_err(|e| JsError::new(&format!("from_bytes: {}", e)))
    }

    pub fn x(&self) -> u64 {
        self.0.x
    }

    pub fn inner(&self) -> Inner {
        self.0.inner.clone().into()
    }

    pub fn y(&self) -> u64 {
        self.0.y
    }

    pub fn new(x: u64, inner: &Inner, y: u64) -> Self {
        Self(cddl_lib::Outer::new(x, inner.clone().into(), y))
    }
}

impl From<cddl_lib::Outer> for Outer {
    fn from(native: cddl_lib::Outer) -> Self {
        Self(native)
    }
}

impl From<Outer> for cddl_lib::Outer {
    fn from(wasm: Outer) -> Self {
        wasm.0
    }
}

impl AsRef<cddl_lib::Outer> for Outer {
    fn as_ref(&self) -> &cddl_lib::Outer {
        &self.0
    }
}
