---
source: src/tests/snapshot_tests.rs
expression: content
---
// This file was code-generated using an experimental CDDL to rust tool:
// https://github.com/dcSpark/cddl-codegen

#![allow(
    clippy::too_many_arguments,
    clippy::large_enum_variant,
    clippy::result_large_err
)]

extern crate alloc;
use alloc::string::String;
use alloc::vec::Vec;
pub mod error;
mod extern_interface_check;
pub mod non_empty;
impl core::ops::Deref for NonemptyOsetPoint {
    type Target = NonEmptyVec<Point>;

    fn deref(&self) -> &Self::Target {
        &self.0
    }
}

impl core::ops::DerefMut for NonemptyOsetPoint {
    fn deref_mut(&mut self) -> &mut Self::Target {
        &mut self.0
    }
}

impl<'a> IntoIterator for &'a NonemptyOsetPoint {
    type Item = &'a Point;
    type IntoIter = core::slice::Iter<'a, Point>;

    fn into_iter(self) -> Self::IntoIter {
        self.0.iter()
    }
}

impl IntoIterator for NonemptyOsetPoint {
    type Item = Point;
    type IntoIter = alloc::vec::IntoIter<Point>;

    fn into_iter(self) -> Self::IntoIter {
        Vec::<Point>::from(self.0).into_iter()
    }
}

impl From<NonemptyOsetPoint> for Vec<Point> {
    fn from(wrapper: NonemptyOsetPoint) -> Self {
        Vec::from(wrapper.0)
    }
}

impl TryFrom<Vec<Point>> for NonemptyOsetPoint {
    type Error = DeserializeError;

    fn try_from(vec: Vec<Point>) -> Result<Self, Self::Error> {
        Ok(NonemptyOsetPoint::new(<NonEmptyVec<Point>>::try_from(vec)?))
    }
}

impl core::ops::Deref for NonemptySetBytes {
    type Target = NonEmptyVec<Vec<u8>>;

    fn deref(&self) -> &Self::Target {
        &self.0
    }
}

impl core::ops::DerefMut for NonemptySetBytes {
    fn deref_mut(&mut self) -> &mut Self::Target {
        &mut self.0
    }
}

impl<'a> IntoIterator for &'a NonemptySetBytes {
    type Item = &'a Vec<u8>;
    type IntoIter = core::slice::Iter<'a, Vec<u8>>;

    fn into_iter(self) -> Self::IntoIter {
        self.0.iter()
    }
}

impl IntoIterator for NonemptySetBytes {
    type Item = Vec<u8>;
    type IntoIter = alloc::vec::IntoIter<Vec<u8>>;

    fn into_iter(self) -> Self::IntoIter {
        Vec::<Vec<u8>>::from(self.0).into_iter()
    }
}

impl From<NonemptySetBytes> for Vec<Vec<u8>> {
    fn from(wrapper: NonemptySetBytes) -> Self {
        Vec::from(wrapper.0)
    }
}

impl TryFrom<Vec<Vec<u8>>> for NonemptySetBytes {
    type Error = DeserializeError;

    fn try_from(vec: Vec<Vec<u8>>) -> Result<Self, Self::Error> {
        Ok(NonemptySetBytes::new(<NonEmptyVec<Vec<u8>>>::try_from(
            vec,
        )?))
    }
}

impl core::ops::Deref for NonemptySetText {
    type Target = NonEmptyVec<String>;

    fn deref(&self) -> &Self::Target {
        &self.0
    }
}

impl core::ops::DerefMut for NonemptySetText {
    fn deref_mut(&mut self) -> &mut Self::Target {
        &mut self.0
    }
}

impl<'a> IntoIterator for &'a NonemptySetText {
    type Item = &'a String;
    type IntoIter = core::slice::Iter<'a, String>;

    fn into_iter(self) -> Self::IntoIter {
        self.0.iter()
    }
}

impl IntoIterator for NonemptySetText {
    type Item = String;
    type IntoIter = alloc::vec::IntoIter<String>;

    fn into_iter(self) -> Self::IntoIter {
        Vec::<String>::from(self.0).into_iter()
    }
}

impl From<NonemptySetText> for Vec<String> {
    fn from(wrapper: NonemptySetText) -> Self {
        Vec::from(wrapper.0)
    }
}

impl TryFrom<Vec<String>> for NonemptySetText {
    type Error = DeserializeError;

    fn try_from(vec: Vec<String>) -> Result<Self, Self::Error> {
        Ok(NonemptySetText::new(<NonEmptyVec<String>>::try_from(vec)?))
    }
}

impl core::ops::Deref for SetU64 {
    type Target = Vec<u64>;

    fn deref(&self) -> &Self::Target {
        &self.0
    }
}

impl core::ops::DerefMut for SetU64 {
    fn deref_mut(&mut self) -> &mut Self::Target {
        &mut self.0
    }
}

impl<'a> IntoIterator for &'a SetU64 {
    type Item = &'a u64;
    type IntoIter = core::slice::Iter<'a, u64>;

    fn into_iter(self) -> Self::IntoIter {
        self.0.iter()
    }
}

impl IntoIterator for SetU64 {
    type Item = u64;
    type IntoIter = alloc::vec::IntoIter<u64>;

    fn into_iter(self) -> Self::IntoIter {
        self.0.into_iter()
    }
}

pub mod serialization;

use crate::generated::error::*;
use crate::generated::non_empty::NonEmptyVec;

#[derive(Clone, Debug)]
pub struct Holder {
    pub a: SetU64,
    pub b: NonemptySetText,
    pub c: NonemptyOsetPoint,
    pub d: NonemptySetBytes,
}

impl Holder {
    pub fn new(a: SetU64, b: NonemptySetText, c: NonemptyOsetPoint, d: NonemptySetBytes) -> Self {
        Self { a, b, c, d }
    }
}

#[derive(Clone, Debug, Eq, PartialEq, Ord, PartialOrd, Hash)]
pub struct NonemptyOsetPoint(pub(crate) NonEmptyVec<Point>);

impl NonemptyOsetPoint {
    pub fn new(inner: NonEmptyVec<Point>) -> Self {
        Self(inner)
    }
}

impl From<NonEmptyVec<Point>> for NonemptyOsetPoint {
    fn from(inner: NonEmptyVec<Point>) -> Self {
        NonemptyOsetPoint::new(inner)
    }
}

impl From<NonemptyOsetPoint> for NonEmptyVec<Point> {
    fn from(wrapper: NonemptyOsetPoint) -> Self {
        wrapper.0
    }
}

#[derive(Clone, Debug, Eq, PartialEq, Ord, PartialOrd, Hash)]
pub struct NonemptySetBytes(pub(crate) NonEmptyVec<Vec<u8>>);

impl NonemptySetBytes {
    pub fn new(inner: NonEmptyVec<Vec<u8>>) -> Self {
        Self(inner)
    }
}

impl From<NonEmptyVec<Vec<u8>>> for NonemptySetBytes {
    fn from(inner: NonEmptyVec<Vec<u8>>) -> Self {
        NonemptySetBytes::new(inner)
    }
}

impl From<NonemptySetBytes> for NonEmptyVec<Vec<u8>> {
    fn from(wrapper: NonemptySetBytes) -> Self {
        wrapper.0
    }
}

#[derive(Clone, Debug, Eq, PartialEq, Ord, PartialOrd, Hash)]
pub struct NonemptySetText(pub(crate) NonEmptyVec<String>);

impl NonemptySetText {
    pub fn new(inner: NonEmptyVec<String>) -> Self {
        Self(inner)
    }
}

impl From<NonEmptyVec<String>> for NonemptySetText {
    fn from(inner: NonEmptyVec<String>) -> Self {
        NonemptySetText::new(inner)
    }
}

impl From<NonemptySetText> for NonEmptyVec<String> {
    fn from(wrapper: NonemptySetText) -> Self {
        wrapper.0
    }
}

#[derive(Clone, Debug, Eq, PartialEq, Ord, PartialOrd, Hash)]
pub struct Point {
    pub x: u64,
    pub y: u64,
}

impl Point {
    pub fn new(x: u64, y: u64) -> Self {
        Self { x, y }
    }
}

#[derive(Clone, Debug, Eq, PartialEq, Ord, PartialOrd, Hash)]
pub struct SetU64(pub(crate) Vec<u64>);

impl SetU64 {
    pub fn new(inner: Vec<u64>) -> Self {
        Self(inner)
    }
}

impl From<Vec<u64>> for SetU64 {
    fn from(inner: Vec<u64>) -> Self {
        SetU64::new(inner)
    }
}

impl From<SetU64> for Vec<u64> {
    fn from(wrapper: SetU64) -> Self {
        wrapper.0
    }
}
