---
source: src/tests/snapshot_tests.rs
expression: content
---
// This file was code-generated using an experimental CDDL to rust tool:
// https://github.com/dcSpark/cddl-codegen

#![allow(
    clippy::too_many_arguments,
    clippy::large_enum_variant,
    clippy::result_large_err
)]

pub mod error;
mod extern_interface_check;
pub mod serialization;

#[derive(Clone, Debug)]
pub struct BoolDefault {
    pub a: u64,
    pub f: bool,
    pub g: bool,
}

impl BoolDefault {
    pub fn new(a: u64) -> Self {
        Self {
            a,
            f: true,
            g: false,
        }
    }
}

#[derive(Clone, Debug)]
pub struct BoolDefaultArray {
    pub a: u64,
    pub f: bool,
}

impl BoolDefaultArray {
    pub fn new(a: u64) -> Self {
        Self { a, f: false }
    }
}

#[derive(Clone, Debug)]
pub struct FloatDefault {
    pub a: u64,
    pub f: f64,
}

impl FloatDefault {
    pub fn new(a: u64) -> Self {
        Self { a, f: 1.5 }
    }
}
