---
source: src/tests/snapshot_tests.rs
expression: content
---
// This file was code-generated using an experimental CDDL to rust tool:
// https://github.com/dcSpark/cddl-codegen

#![allow(
    clippy::too_many_arguments,
    clippy::large_enum_variant,
    clippy::result_large_err
)]

pub mod error;
mod extern_interface_check;
pub mod json_schema_gen;
pub mod json_value_ser;
pub mod serialization;

#[derive(Clone, Debug, serde::Deserialize, serde::Serialize, schemars::JsonSchema)]
pub struct AliasDefaultPositions {
    pub x: AliasedDefault,
    pub y: AliasedDefault,
}

impl AliasDefaultPositions {
    pub fn new(x: AliasedDefault) -> Self {
        Self { x, y: 9 }
    }
}

pub type AliasedDefault = u64;

#[derive(Clone, Debug, serde::Deserialize, serde::Serialize, schemars::JsonSchema)]
pub struct MandatoryDefault {
    pub a: u64,
    pub b: u64,
    pub c: u64,
}

impl MandatoryDefault {
    pub fn new(a: u64, b: u64) -> Self {
        Self { a, b, c: 4 }
    }
}
