---
source: src/tests/snapshot_tests.rs
expression: content
---
// This file was code-generated using an experimental CDDL to rust tool:
// https://github.com/dcSpark/cddl-codegen
use super::cbor_encodings::*;
use super::*;
use crate::generated::error::*;
use cbor_event::de::Deserializer;
use cbor_event::se::{Serialize, Serializer};
use std::io::{BufRead, Seek, SeekFrom, Write};

impl cbor_event::se::Serialize for Choice {
    fn serialize<'se, W: Write>(
        &self,
        serializer: &'se mut Serializer<W>,
    ) -> cbor_event::Result<&'se mut Serializer<W>> {
        match self {
            Choice::U64 {
                uint,
                uint_encoding,
            } => serializer.write_unsigned_integer_sz(*uint, fit_sz(*uint, *uint_encoding)),
            Choice::Text {
                text,
                text_encoding,
            } => serializer.write_text_sz(&text, text_encoding.to_str_len_sz(text.len() as u64)),
        }
    }
}

impl Deserialize for Choice {
    fn deserialize<R: BufRead + Seek>(raw: &mut Deserializer<R>) -> Result<Self, DeserializeError> {
        (|| -> Result<_, DeserializeError> {
            match raw.cbor_type()? {
                cbor_event::Type::UnsignedInteger => {
                    let (uint, uint_encoding) =
                        raw.unsigned_integer_sz().map(|(x, enc)| (x, Some(enc)))?;
                    Ok(Self::U64 {
                        uint,
                        uint_encoding,
                    })
                }
                cbor_event::Type::Text => {
                    let (text, text_encoding) = raw
                        .text_sz()
                        .map(|(s, enc)| (s, StringEncoding::from(enc)))?;
                    Ok(Self::Text {
                        text,
                        text_encoding,
                    })
                }
                _ => Err(DeserializeFailure::NoVariantMatched.into()),
            }
        })()
        .map_err(|e| e.annotate("Choice"))
    }
}

impl cbor_event::se::Serialize for Holder {
    fn serialize<'se, W: Write>(
        &self,
        serializer: &'se mut Serializer<W>,
    ) -> cbor_event::Result<&'se mut Serializer<W>> {
        serializer.write_array_sz(
            self.encodings
                .as_ref()
                .map(|encs| encs.len_encoding)
                .unwrap_or_default()
                .to_len_sz(3),
        )?;
        serializer.write_unsigned_integer_sz(
            self.ref_basic,
            fit_sz(
                self.ref_basic,
                self.encodings
                    .as_ref()
                    .map(|encs| encs.ref_basic_encoding)
                    .unwrap_or_default(),
            ),
        )?;
        self.ref_choice.serialize(serializer)?;
        self.ref_newtype.serialize(serializer)?;
        self.encodings
            .as_ref()
            .map(|encs| encs.len_encoding)
            .unwrap_or_default()
            .end(serializer)
    }
}

impl Deserialize for Holder {
    fn deserialize<R: BufRead + Seek>(raw: &mut Deserializer<R>) -> Result<Self, DeserializeError> {
        (|| -> Result<_, DeserializeError> {
            let len = raw.array_sz()?;
            let len_encoding: LenEncoding = len.into();
            let mut read_len = CBORReadLen::new(len);
            read_len.read_elems(3)?;
            read_len.finish()?;
            let (ref_basic, ref_basic_encoding) = raw
                .unsigned_integer_sz()
                .map_err(Into::<DeserializeError>::into)
                .map(|(x, enc)| (x, Some(enc)))
                .map_err(|e: DeserializeError| e.annotate("ref_basic"))?;
            let ref_choice =
                Choice::deserialize(raw).map_err(|e: DeserializeError| e.annotate("ref_choice"))?;
            let ref_newtype = NewtypeViaParens::deserialize(raw)
                .map_err(|e: DeserializeError| e.annotate("ref_newtype"))?;
            match len {
                cbor_event::LenSz::Len(_, _) => (),
                cbor_event::LenSz::Indefinite => match raw.special()? {
                    cbor_event::Special::Break => (),
                    _ => return Err(DeserializeFailure::EndingBreakMissing.into()),
                },
            }
            Ok(Holder {
                ref_basic,
                ref_choice,
                ref_newtype,
                encodings: Some(HolderEncoding {
                    len_encoding,
                    ref_basic_encoding,
                }),
            })
        })()
        .map_err(|e| e.annotate("Holder"))
    }
}

impl cbor_event::se::Serialize for Nested {
    fn serialize<'se, W: Write>(
        &self,
        serializer: &'se mut Serializer<W>,
    ) -> cbor_event::Result<&'se mut Serializer<W>> {
        serializer.write_array_sz(
            self.encodings
                .as_ref()
                .map(|encs| encs.len_encoding)
                .unwrap_or_default()
                .to_len_sz(2),
        )?;
        serializer.write_unsigned_integer_sz(
            self.a,
            fit_sz(
                self.a,
                self.encodings
                    .as_ref()
                    .map(|encs| encs.a_encoding)
                    .unwrap_or_default(),
            ),
        )?;
        serializer.write_text_sz(
            &self.b,
            self.encodings
                .as_ref()
                .map(|encs| encs.b_encoding.clone())
                .unwrap_or_default()
                .to_str_len_sz(self.b.len() as u64),
        )?;
        self.encodings
            .as_ref()
            .map(|encs| encs.len_encoding)
            .unwrap_or_default()
            .end(serializer)
    }
}

impl Deserialize for Nested {
    fn deserialize<R: BufRead + Seek>(raw: &mut Deserializer<R>) -> Result<Self, DeserializeError> {
        (|| -> Result<_, DeserializeError> {
            let len = raw.array_sz()?;
            let len_encoding: LenEncoding = len.into();
            let mut read_len = CBORReadLen::new(len);
            read_len.read_elems(2)?;
            read_len.finish()?;
            let (a, a_encoding) = raw
                .unsigned_integer_sz()
                .map_err(Into::<DeserializeError>::into)
                .map(|(x, enc)| (x, Some(enc)))
                .map_err(|e: DeserializeError| e.annotate("a"))?;
            let (b, b_encoding) = raw
                .text_sz()
                .map_err(Into::<DeserializeError>::into)
                .map(|(s, enc)| (s, StringEncoding::from(enc)))
                .map_err(|e: DeserializeError| e.annotate("b"))?;
            match len {
                cbor_event::LenSz::Len(_, _) => (),
                cbor_event::LenSz::Indefinite => match raw.special()? {
                    cbor_event::Special::Break => (),
                    _ => return Err(DeserializeFailure::EndingBreakMissing.into()),
                },
            }
            Ok(Nested {
                a,
                b,
                encodings: Some(NestedEncoding {
                    len_encoding,
                    a_encoding,
                    b_encoding,
                }),
            })
        })()
        .map_err(|e| e.annotate("Nested"))
    }
}

impl cbor_event::se::Serialize for NewtypeViaParens {
    fn serialize<'se, W: Write>(
        &self,
        serializer: &'se mut Serializer<W>,
    ) -> cbor_event::Result<&'se mut Serializer<W>> {
        serializer.write_unsigned_integer_sz(
            self.inner,
            fit_sz(
                self.inner,
                self.encodings
                    .as_ref()
                    .map(|encs| encs.inner_encoding)
                    .unwrap_or_default(),
            ),
        )
    }
}

impl Deserialize for NewtypeViaParens {
    fn deserialize<R: BufRead + Seek>(raw: &mut Deserializer<R>) -> Result<Self, DeserializeError> {
        (|| -> Result<_, DeserializeError> {
            let (inner, inner_encoding) =
                raw.unsigned_integer_sz().map(|(x, enc)| (x, Some(enc)))?;
            Ok(Self {
                inner,
                encodings: Some(NewtypeViaParensEncoding { inner_encoding }),
            })
        })()
        .map_err(|e| e.annotate("NewtypeViaParens"))
    }
}
