---
source: src/tests/snapshot_tests.rs
expression: content
---
// This file was code-generated using an experimental CDDL to rust tool:
// https://github.com/dcSpark/cddl-codegen

#![allow(
    clippy::too_many_arguments,
    clippy::large_enum_variant,
    clippy::result_large_err
)]

pub mod any_cbor;
pub mod error;
pub mod ordered_hash_map;
extern crate derivative;
pub mod cbor_encodings;
mod extern_interface_check;
pub mod serialization;

use crate::generated::ordered_hash_map::OrderedHashMap;
use crate::generated::serialization::StringEncoding;
use cbor_encodings::{
    MemberArrayEncoding, MemberHomogEncoding, MemberMapEncoding, MemberOptHomogEncoding,
    MemberOptTableEncoding, MemberTableEncoding, TaggedEncoding,
};
use std::collections::BTreeMap;

impl From<Tagged> for crate::generated::any_cbor::AnyCbor {
    fn from(wrapper: Tagged) -> Self {
        wrapper.inner
    }
}

#[derive(Clone, Debug, serde::Deserialize, serde::Serialize, schemars::JsonSchema)]
pub enum ChoiceLastAny {
    U64 {
        uint: u64,
        #[serde(skip)]
        uint_encoding: Option<cbor_event::Sz>,
    },
    Text {
        text: String,
        #[serde(skip)]
        text_encoding: StringEncoding,
    },
    #[serde(with = "crate::generated::any_cbor::natural_any_cbor")]
    #[schemars(schema_with = "crate::generated::any_cbor::natural_any_cbor_schema")]
    Any(crate::generated::any_cbor::AnyCbor),
}

impl ChoiceLastAny {
    pub fn new_uint(uint: u64) -> Self {
        Self::U64 {
            uint,
            uint_encoding: None,
        }
    }

    pub fn new_text(text: String) -> Self {
        Self::Text {
            text,
            text_encoding: StringEncoding::default(),
        }
    }

    pub fn new_any(any: crate::generated::any_cbor::AnyCbor) -> Self {
        Self::Any(any)
    }
}

#[derive(Clone, Debug, serde::Deserialize, serde::Serialize, schemars::JsonSchema)]
pub enum ChoiceTaggedAny {
    #[serde(with = "crate::generated::any_cbor::natural_any_cbor")]
    #[schemars(schema_with = "crate::generated::any_cbor::natural_any_cbor_schema")]
    Any {
        any: crate::generated::any_cbor::AnyCbor,
        #[serde(skip)]
        any_tag_encoding: Option<cbor_event::Sz>,
    },
    Text {
        text: String,
        #[serde(skip)]
        text_encoding: StringEncoding,
    },
}

impl ChoiceTaggedAny {
    pub fn new_any(any: crate::generated::any_cbor::AnyCbor) -> Self {
        Self::Any {
            any,
            any_tag_encoding: None,
        }
    }

    pub fn new_text(text: String) -> Self {
        Self::Text {
            text,
            text_encoding: StringEncoding::default(),
        }
    }
}

pub type HomogArray = Vec<crate::generated::any_cbor::AnyCbor>;

#[derive(Clone, Debug, serde::Deserialize, serde::Serialize, schemars::JsonSchema)]
pub struct MemberArray {
    #[serde(with = "crate::generated::any_cbor::natural_any_cbor")]
    #[schemars(schema_with = "crate::generated::any_cbor::natural_any_cbor_schema")]
    pub any: crate::generated::any_cbor::AnyCbor,
    pub index_1: u64,
    #[serde(skip)]
    pub encodings: Option<MemberArrayEncoding>,
}

impl MemberArray {
    pub fn new(any: crate::generated::any_cbor::AnyCbor, index_1: u64) -> Self {
        Self {
            any,
            index_1,
            encodings: None,
        }
    }
}

#[derive(Clone, Debug, serde::Deserialize, serde::Serialize, schemars::JsonSchema)]
pub struct MemberHomog {
    pub key_1: u64,
    #[serde(with = "crate::generated::any_cbor::natural_any_cbor_seq")]
    #[schemars(schema_with = "crate::generated::any_cbor::natural_any_cbor_seq_schema")]
    pub key_2: Vec<crate::generated::any_cbor::AnyCbor>,
    #[serde(skip)]
    pub encodings: Option<MemberHomogEncoding>,
}

impl MemberHomog {
    pub fn new(key_1: u64, key_2: Vec<crate::generated::any_cbor::AnyCbor>) -> Self {
        Self {
            key_1,
            key_2,
            encodings: None,
        }
    }
}

#[derive(Clone, Debug, serde::Deserialize, serde::Serialize, schemars::JsonSchema)]
pub struct MemberMap {
    #[serde(with = "crate::generated::any_cbor::natural_any_cbor")]
    #[schemars(schema_with = "crate::generated::any_cbor::natural_any_cbor_schema")]
    pub key_1: crate::generated::any_cbor::AnyCbor,
    pub key_2: Option<u64>,
    #[serde(skip)]
    pub encodings: Option<MemberMapEncoding>,
}

impl MemberMap {
    pub fn new(key_1: crate::generated::any_cbor::AnyCbor) -> Self {
        Self {
            key_1,
            key_2: None,
            encodings: None,
        }
    }
}

#[derive(Clone, Debug, serde::Deserialize, serde::Serialize, schemars::JsonSchema)]
pub struct MemberOptHomog {
    pub key_1: u64,
    #[serde(with = "crate::generated::any_cbor::natural_any_cbor_opt_seq")]
    #[serde(default)]
    #[schemars(schema_with = "crate::generated::any_cbor::natural_any_cbor_seq_schema")]
    pub key_2: Option<Vec<crate::generated::any_cbor::AnyCbor>>,
    #[serde(skip)]
    pub encodings: Option<MemberOptHomogEncoding>,
}

impl MemberOptHomog {
    pub fn new(key_1: u64) -> Self {
        Self {
            key_1,
            key_2: None,
            encodings: None,
        }
    }
}

#[derive(Clone, Debug, serde::Deserialize, serde::Serialize, schemars::JsonSchema)]
pub struct MemberOptTable {
    pub key_1: u64,
    #[serde(with = "crate::generated::any_cbor::natural_any_cbor_opt_orderedmap")]
    #[serde(default)]
    #[schemars(schema_with = "crate::generated::any_cbor::natural_any_cbor_map_schema")]
    pub key_2: Option<OrderedHashMap<u64, crate::generated::any_cbor::AnyCbor>>,
    #[serde(skip)]
    pub encodings: Option<MemberOptTableEncoding>,
}

impl MemberOptTable {
    pub fn new(key_1: u64) -> Self {
        Self {
            key_1,
            key_2: None,
            encodings: None,
        }
    }
}

#[derive(Clone, Debug, serde::Deserialize, serde::Serialize, schemars::JsonSchema)]
pub struct MemberTable {
    pub key_1: u64,
    #[serde(with = "crate::generated::any_cbor::natural_any_cbor_orderedmap")]
    #[schemars(schema_with = "crate::generated::any_cbor::natural_any_cbor_map_schema")]
    pub key_2: OrderedHashMap<u64, crate::generated::any_cbor::AnyCbor>,
    #[serde(skip)]
    pub encodings: Option<MemberTableEncoding>,
}

impl MemberTable {
    pub fn new(
        key_1: u64,
        key_2: OrderedHashMap<u64, crate::generated::any_cbor::AnyCbor>,
    ) -> Self {
        Self {
            key_1,
            key_2,
            encodings: None,
        }
    }
}

pub type TableAnyAny =
    OrderedHashMap<crate::generated::any_cbor::AnyCbor, crate::generated::any_cbor::AnyCbor>;

pub type TableAnyUint = OrderedHashMap<crate::generated::any_cbor::AnyCbor, u64>;

pub type TableUintAny = OrderedHashMap<u64, crate::generated::any_cbor::AnyCbor>;

#[derive(Clone, Debug)]
pub struct Tagged {
    pub(crate) inner: crate::generated::any_cbor::AnyCbor,
    pub encodings: Option<TaggedEncoding>,
}

impl Tagged {
    pub fn get(&self) -> &crate::generated::any_cbor::AnyCbor {
        &self.inner
    }

    pub fn new(inner: crate::generated::any_cbor::AnyCbor) -> Self {
        Self {
            inner,
            encodings: None,
        }
    }
}

impl From<crate::generated::any_cbor::AnyCbor> for Tagged {
    fn from(inner: crate::generated::any_cbor::AnyCbor) -> Self {
        Tagged::new(inner)
    }
}

impl serde::Serialize for Tagged {
    fn serialize<S>(&self, serializer: S) -> Result<S::Ok, S::Error>
    where
        S: serde::Serializer,
    {
        crate::generated::any_cbor::natural_any_cbor::serialize(&self.inner, serializer)
    }
}

impl<'de> serde::de::Deserialize<'de> for Tagged {
    fn deserialize<D>(deserializer: D) -> Result<Self, D::Error>
    where
        D: serde::de::Deserializer<'de>,
    {
        let inner = crate::generated::any_cbor::natural_any_cbor::deserialize(deserializer)?;
        Ok(Self::new(inner))
    }
}

impl schemars::JsonSchema for Tagged {
    fn schema_name() -> ::std::borrow::Cow<'static, str> {
        ::std::borrow::Cow::Borrowed("Tagged")
    }

    fn json_schema(generator: &mut schemars::SchemaGenerator) -> schemars::Schema {
        crate::generated::any_cbor::natural_any_cbor_schema(generator)
    }

    fn inline_schema() -> bool {
        false
    }
}

pub type TopAlias = crate::generated::any_cbor::AnyCbor;
