---
source: src/tests/snapshot_tests.rs
expression: content
---
// This file was code-generated using an experimental CDDL to rust tool:
// https://github.com/dcSpark/cddl-codegen

#![allow(
    clippy::too_many_arguments,
    clippy::large_enum_variant,
    clippy::result_large_err
)]

pub mod error;
mod extern_interface_check;
pub mod serialization;

use crate::generated::error::*;

#[derive(Clone, Debug)]
pub struct UsesNoAlias {
    pub field: u64,
}

impl UsesNoAlias {
    pub fn new(field: u64) -> Self {
        Self { field }
    }
}
